[00:41:52][no_game_date][dlc.cpp:142]: incorrect checksum for DLC
[00:42:02][no_game_date][pdx_entity.cpp:324]: Failed to find entity "ITA_mechanized_vehicle_1_entity" for attachment in vehicle
[00:42:02][no_game_date][pdx_entity.cpp:324]: Failed to find entity "western_european_infantry_entity" for attachment in infantry
[00:42:02][no_game_date][pdx_entity.cpp:324]: Failed to find entity "generic_eastern_european_infantry_entity" for attachment in infantry
[00:42:02][no_game_date][pdx_entity.cpp:324]: Failed to find entity "ENG_infantry_entity" for attachment in infantry
[00:42:02][no_game_date][equipment_graphic_database.cpp:36]: GFX referenced in equipment graphic database does not exist: "GFX_USA_prototype_armor_4_medium", associated with CAN light_tank_chassis
[00:42:02][no_game_date][equipment_graphic_database.cpp:59]: Entity referenced in equipment graphic database does not exist: "USA_prototype_armor_4_entity", associated with CAN light_tank_chassis
[00:42:02][no_game_date][equipment_graphic_database.cpp:36]: GFX referenced in equipment graphic database does not exist: "GFX_CAN_prototype_armor_0_medium", associated with CAN medium_tank_destroyer_chassis
[00:42:02][no_game_date][equipment_graphic_database.cpp:59]: Entity referenced in equipment graphic database does not exist: "CAN_prototype_armor_0_entity", associated with CAN medium_tank_destroyer_chassis
[00:42:02][no_game_date][equipment_graphic_database.cpp:36]: GFX referenced in equipment graphic database does not exist: "GFX_CAN_prototype_armor_0_medium", associated with CAN medium_tank_aa_chassis
[00:42:02][no_game_date][equipment_graphic_database.cpp:59]: Entity referenced in equipment graphic database does not exist: "CAN_prototype_armor_0_entity", associated with CAN medium_tank_aa_chassis
[00:42:02][no_game_date][equipment_graphic_database.cpp:36]: GFX referenced in equipment graphic database does not exist: "GFX_HOL_prototype_armor_0_medium", associated with HOL medium_tank_chassis
[00:42:02][no_game_date][equipment_graphic_database.cpp:59]: Entity referenced in equipment graphic database does not exist: "HOL_prototype_armor_0_entity", associated with HOL medium_tank_chassis
[00:42:02][no_game_date][equipment_graphic_database.cpp:59]: Entity referenced in equipment graphic database does not exist: "ITA_light_armor_1_entity", associated with ITA light_tank_chassis_1938
[00:42:02][no_game_date][equipment_graphic_database.cpp:36]: GFX referenced in equipment graphic database does not exist: "GFX_ITA_basic_light_td_medium", associated with ITA light_tank_destroyer_chassis
[00:42:02][no_game_date][equipment_graphic_database.cpp:36]: GFX referenced in equipment graphic database does not exist: "GFX_ITA_improved_light_td_medium", associated with ITA light_tank_destroyer_chassis
[00:42:02][no_game_date][equipment_graphic_database.cpp:59]: Entity referenced in equipment graphic database does not exist: "ITA_light_tank_destroyer_brigade_0_entity", associated with ITA light_tank_destroyer_chassis
[00:42:02][no_game_date][equipment_graphic_database.cpp:59]: Entity referenced in equipment graphic database does not exist: "ITA_light_tank_destroyer_brigade_1_entity", associated with ITA light_tank_destroyer_chassis
[00:42:02][no_game_date][equipment_graphic_database.cpp:36]: GFX referenced in equipment graphic database does not exist: "GFX_ITA_advanced_medium_td_medium", associated with ITA medium_tank_destroyer_chassis
[00:42:02][no_game_date][equipment_graphic_database.cpp:36]: GFX referenced in equipment graphic database does not exist: "GFX_ITA_improved_medium_td_medium", associated with ITA medium_tank_destroyer_chassis
[00:42:02][no_game_date][equipment_graphic_database.cpp:59]: Entity referenced in equipment graphic database does not exist: "ITA_medium_tank_destroyer_brigade_2_entity", associated with ITA medium_tank_destroyer_chassis
[00:42:02][no_game_date][equipment_graphic_database.cpp:59]: Entity referenced in equipment graphic database does not exist: "ITA_medium_tank_destroyer_brigade_1_entity", associated with ITA medium_tank_destroyer_chassis
[00:42:02][no_game_date][equipment_graphic_database.cpp:36]: GFX referenced in equipment graphic database does not exist: "GFX_ITA_advanced_medium_td_medium", associated with ITA medium_tank_destroyer_chassis_1936
[00:42:02][no_game_date][equipment_graphic_database.cpp:59]: Entity referenced in equipment graphic database does not exist: "ITA_medium_tank_destroyer_brigade_2_entity", associated with ITA medium_tank_destroyer_chassis_1936
[00:42:02][no_game_date][equipment_graphic_database.cpp:36]: GFX referenced in equipment graphic database does not exist: "GFX_ITA_improved_medium_td_medium", associated with ITA medium_tank_destroyer_chassis_1938
[00:42:02][no_game_date][equipment_graphic_database.cpp:59]: Entity referenced in equipment graphic database does not exist: "ITA_medium_tank_destroyer_brigade_1_entity", associated with ITA medium_tank_destroyer_chassis_1938
[00:42:02][no_game_date][equipment_graphic_database.cpp:59]: Entity referenced in equipment graphic database does not exist: "ITA_heavy_armor_2_entity", associated with ITA heavy_tank_chassis
[00:42:02][no_game_date][equipment_graphic_database.cpp:36]: GFX referenced in equipment graphic database does not exist: "GFX_ITA_prototype_armor_1_medium", associated with ITA heavy_tank_chassis
[00:42:02][no_game_date][equipment_graphic_database.cpp:59]: Entity referenced in equipment graphic database does not exist: "ITA_prototype_armor_1_entity", associated with ITA heavy_tank_chassis
[00:42:02][no_game_date][equipment_graphic_database.cpp:36]: GFX referenced in equipment graphic database does not exist: "GFX_ITA_light_flame_tank_medium", associated with ITA light_tank_flame_chassis
[00:42:02][no_game_date][equipment_graphic_database.cpp:59]: Entity referenced in equipment graphic database does not exist: "ITA_light_flame_tank_entity", associated with ITA light_tank_flame_chassis
[00:42:02][no_game_date][equipment_graphic_database.cpp:59]: Entity referenced in equipment graphic database does not exist: "ITA_heavy_armor_2_entity", associated with ITA heavy_tank_chassis_1940
[00:42:02][no_game_date][equipment_graphic_database.cpp:59]: Entity referenced in equipment graphic database does not exist: "ITA_medium_armor_1_entity", associated with ITA medium_tank_chassis_1938
[00:42:02][no_game_date][equipment_graphic_database.cpp:36]: GFX referenced in equipment graphic database does not exist: "GFX_ITA_advanced_medium_spaa_medium", associated with ITA medium_tank_aa_chassis_1938
[00:42:02][no_game_date][equipment_graphic_database.cpp:59]: Entity referenced in equipment graphic database does not exist: "ITA_medium_sp_anti_air_brigade_2_entity", associated with ITA medium_tank_aa_chassis_1938
[00:42:02][no_game_date][equipment_graphic_database.cpp:59]: Entity referenced in equipment graphic database does not exist: "ITA_medium_armor_1_entity", associated with ITA medium_tank_chassis
[00:42:02][no_game_date][equipment_graphic_database.cpp:59]: Entity referenced in equipment graphic database does not exist: "ITA_light_armor_1_entity", associated with ITA light_tank_chassis_1940
[00:42:02][no_game_date][equipment_graphic_database.cpp:36]: GFX referenced in equipment graphic database does not exist: "GFX_ITA_advanced_medium_spaa_medium", associated with ITA medium_tank_aa_chassis
[00:42:02][no_game_date][equipment_graphic_database.cpp:59]: Entity referenced in equipment graphic database does not exist: "ITA_medium_sp_anti_air_brigade_2_entity", associated with ITA medium_tank_aa_chassis
[00:42:02][no_game_date][equipment_graphic_database.cpp:36]: GFX referenced in equipment graphic database does not exist: "GFX_ITA_improved_heavy_art_medium", associated with ITA medium_tank_artillery_chassis_1940
[00:42:02][no_game_date][equipment_graphic_database.cpp:36]: GFX referenced in equipment graphic database does not exist: "GFX_ITA_advanced_medium_art_medium", associated with ITA medium_tank_artillery_chassis_1938
[00:42:02][no_game_date][equipment_graphic_database.cpp:59]: Entity referenced in equipment graphic database does not exist: "ITA_medium_sp_artillery_brigade_2_entity", associated with ITA medium_tank_artillery_chassis_1938
[00:42:02][no_game_date][equipment_graphic_database.cpp:36]: GFX referenced in equipment graphic database does not exist: "GFX_ITA_improved_medium_art_medium", associated with ITA medium_tank_artillery_chassis_1936
[00:42:02][no_game_date][equipment_graphic_database.cpp:59]: Entity referenced in equipment graphic database does not exist: "ITA_medium_sp_artillery_brigade_1_entity", associated with ITA medium_tank_artillery_chassis_1936
[00:42:02][no_game_date][equipment_graphic_database.cpp:59]: Entity referenced in equipment graphic database does not exist: "ITA_medium_armor_1_entity", associated with ITA medium_tank_chassis_1940
[00:42:02][no_game_date][equipment_graphic_database.cpp:36]: GFX referenced in equipment graphic database does not exist: "GFX_ITA_prototype_armor_1_medium", associated with ITA medium_tank_chassis_1940
[00:42:02][no_game_date][equipment_graphic_database.cpp:59]: Entity referenced in equipment graphic database does not exist: "ITA_prototype_armor_1_entity", associated with ITA medium_tank_chassis_1940
[00:42:02][no_game_date][equipment_graphic_database.cpp:36]: GFX referenced in equipment graphic database does not exist: "GFX_ITA_improved_medium_art_medium", associated with ITA medium_tank_artillery_chassis
[00:42:02][no_game_date][equipment_graphic_database.cpp:36]: GFX referenced in equipment graphic database does not exist: "GFX_ITA_advanced_medium_art_medium", associated with ITA medium_tank_artillery_chassis
[00:42:02][no_game_date][equipment_graphic_database.cpp:59]: Entity referenced in equipment graphic database does not exist: "ITA_medium_sp_artillery_brigade_1_entity", associated with ITA medium_tank_artillery_chassis
[00:42:02][no_game_date][equipment_graphic_database.cpp:59]: Entity referenced in equipment graphic database does not exist: "ITA_medium_sp_artillery_brigade_2_entity", associated with ITA medium_tank_artillery_chassis
[00:42:02][no_game_date][equipment_graphic_database.cpp:36]: GFX referenced in equipment graphic database does not exist: "GFX_ITA_land_cruiser_armor_medium", associated with ITA land_cruiser_chassis_1945
[00:42:02][no_game_date][equipment_graphic_database.cpp:59]: Entity referenced in equipment graphic database does not exist: "ITA_land_cruiser_entity", associated with ITA land_cruiser_chassis_1945
[00:42:02][no_game_date][equipment_graphic_database.cpp:59]: Entity referenced in equipment graphic database does not exist: "ITA_light_armor_1_entity", associated with ITA light_tank_chassis
[00:42:02][no_game_date][equipment_graphic_database.cpp:36]: GFX referenced in equipment graphic database does not exist: "GFX_ITA_prototype_armor_0_medium", associated with ITA light_tank_chassis
[00:42:02][no_game_date][equipment_graphic_database.cpp:36]: GFX referenced in equipment graphic database does not exist: "GFX_ITA_prototype_armor_2_medium", associated with ITA light_tank_chassis
[00:42:02][no_game_date][equipment_graphic_database.cpp:59]: Entity referenced in equipment graphic database does not exist: "ITA_prototype_armor_0_entity", associated with ITA light_tank_chassis
[00:42:02][no_game_date][equipment_graphic_database.cpp:59]: Entity referenced in equipment graphic database does not exist: "ITA_prototype_armor_2_entity", associated with ITA light_tank_chassis
[00:42:02][no_game_date][equipment_graphic_database.cpp:36]: GFX referenced in equipment graphic database does not exist: "GFX_ITA_basic_light_td_medium", associated with ITA light_tank_destroyer_chassis_1936
[00:42:02][no_game_date][equipment_graphic_database.cpp:59]: Entity referenced in equipment graphic database does not exist: "ITA_light_tank_destroyer_brigade_0_entity", associated with ITA light_tank_destroyer_chassis_1936
[00:42:02][no_game_date][equipment_graphic_database.cpp:36]: GFX referenced in equipment graphic database does not exist: "GFX_ITA_improved_light_td_medium", associated with ITA light_tank_destroyer_chassis_1938
[00:42:02][no_game_date][equipment_graphic_database.cpp:59]: Entity referenced in equipment graphic database does not exist: "ITA_light_tank_destroyer_brigade_1_entity", associated with ITA light_tank_destroyer_chassis_1938
[00:42:02][no_game_date][equipment_graphic_database.cpp:36]: GFX referenced in equipment graphic database does not exist: "GFX_BEL_land_cruiser_armor_medium", associated with BEL land_cruiser_chassis_1945
[00:42:02][no_game_date][equipment_graphic_database.cpp:59]: Entity referenced in equipment graphic database does not exist: "BEL_land_cruiser_entity", associated with BEL land_cruiser_chassis_1945
[00:42:02][no_game_date][equipment_graphic_database.cpp:36]: GFX referenced in equipment graphic database does not exist: "GFX_BEL_prototype_armor_0_medium", associated with BEL light_tank_destroyer_chassis
[00:42:02][no_game_date][equipment_graphic_database.cpp:59]: Entity referenced in equipment graphic database does not exist: "BEL_prototype_armor_0_entity", associated with BEL light_tank_destroyer_chassis
[00:42:02][no_game_date][equipment_graphic_database.cpp:36]: GFX referenced in equipment graphic database does not exist: "GFX_CZE_prototype_armor_0_medium", associated with CZE medium_tank_chassis
[00:42:02][no_game_date][equipment_graphic_database.cpp:59]: Entity referenced in equipment graphic database does not exist: "CZE_prototype_armor_0_entity", associated with CZE medium_tank_chassis
[00:42:02][no_game_date][equipment_graphic_database.cpp:36]: GFX referenced in equipment graphic database does not exist: "GFX_USA_medium_flame_tank_medium", associated with USA medium_tank_flame_chassis
[00:42:02][no_game_date][equipment_graphic_database.cpp:59]: Entity referenced in equipment graphic database does not exist: "USA_medium_flame_tank_entity", associated with USA medium_tank_flame_chassis
[00:42:02][no_game_date][equipment_graphic_database.cpp:36]: GFX referenced in equipment graphic database does not exist: "GFX_USA_prototype_armor_1_medium", associated with USA medium_tank_destroyer_chassis
[00:42:02][no_game_date][equipment_graphic_database.cpp:59]: Entity referenced in equipment graphic database does not exist: "USA_prototype_armor_1_entity", associated with USA medium_tank_destroyer_chassis
[00:42:02][no_game_date][equipment_graphic_database.cpp:36]: GFX referenced in equipment graphic database does not exist: "GFX_USA_prototype_armor_5_medium", associated with USA medium_tank_aa_chassis
[00:42:02][no_game_date][equipment_graphic_database.cpp:59]: Entity referenced in equipment graphic database does not exist: "USA_prototype_armor_5_entity", associated with USA medium_tank_aa_chassis
[00:42:02][no_game_date][equipment_graphic_database.cpp:36]: GFX referenced in equipment graphic database does not exist: "GFX_USA_prototype_armor_0_medium", associated with USA light_tank_artillery_chassis
[00:42:02][no_game_date][equipment_graphic_database.cpp:59]: Entity referenced in equipment graphic database does not exist: "USA_prototype_armor_0_entity", associated with USA light_tank_artillery_chassis
[00:42:02][no_game_date][equipment_graphic_database.cpp:36]: GFX referenced in equipment graphic database does not exist: "GFX_USA_prototype_plane_0_medium", associated with USA jet_tac_bomber_equipment
[00:42:02][no_game_date][equipment_graphic_database.cpp:36]: GFX referenced in equipment graphic database does not exist: "GFX_USA_prototype_armor_2_medium", associated with USA heavy_tank_chassis
[00:42:02][no_game_date][equipment_graphic_database.cpp:59]: Entity referenced in equipment graphic database does not exist: "USA_prototype_armor_2_entity", associated with USA heavy_tank_chassis
[00:42:02][no_game_date][equipment_graphic_database.cpp:36]: GFX referenced in equipment graphic database does not exist: "GFX_USA_land_cruiser_armor_medium", associated with USA land_cruiser_chassis_1945
[00:42:02][no_game_date][equipment_graphic_database.cpp:59]: Entity referenced in equipment graphic database does not exist: "USA_land_cruiser_entity", associated with USA land_cruiser_chassis_1945
[00:42:02][no_game_date][equipment_graphic_database.cpp:36]: GFX referenced in equipment graphic database does not exist: "GFX_USA_prototype_armor_4_medium", associated with USA light_tank_chassis
[00:42:02][no_game_date][equipment_graphic_database.cpp:59]: Entity referenced in equipment graphic database does not exist: "USA_prototype_armor_4_entity", associated with USA light_tank_chassis
[00:42:02][no_game_date][equipment_graphic_database.cpp:36]: GFX referenced in equipment graphic database does not exist: "GFX_USA_prototype_armor_3_medium", associated with USA medium_tank_chassis
[00:42:02][no_game_date][equipment_graphic_database.cpp:36]: GFX referenced in equipment graphic database does not exist: "GFX_USA_prototype_armor_5_medium", associated with USA medium_tank_chassis
[00:42:02][no_game_date][equipment_graphic_database.cpp:59]: Entity referenced in equipment graphic database does not exist: "USA_prototype_armor_3_entity", associated with USA medium_tank_chassis
[00:42:02][no_game_date][equipment_graphic_database.cpp:59]: Entity referenced in equipment graphic database does not exist: "USA_prototype_armor_5_entity", associated with USA medium_tank_chassis
[00:42:02][no_game_date][equipment_graphic_database.cpp:36]: GFX referenced in equipment graphic database does not exist: "GFX_USA_light_flame_tank_medium", associated with USA light_tank_flame_chassis
[00:42:02][no_game_date][equipment_graphic_database.cpp:59]: Entity referenced in equipment graphic database does not exist: "USA_light_flame_tank_entity", associated with USA light_tank_flame_chassis
[00:42:02][no_game_date][equipment_graphic_database.cpp:36]: GFX referenced in equipment graphic database does not exist: "GFX_USA_prototype_plane_0_medium", associated with USA jet_strat_bomber_equipment
[00:42:02][no_game_date][equipment_graphic_database.cpp:36]: GFX referenced in equipment graphic database does not exist: "GFX_JAP_improved_light_spaa_medium", associated with JAP light_tank_chassis_1938
[00:42:02][no_game_date][equipment_graphic_database.cpp:59]: Entity referenced in equipment graphic database does not exist: "JAP_light_armor_2_entity", associated with JAP light_tank_chassis_1938
[00:42:02][no_game_date][equipment_graphic_database.cpp:59]: Entity referenced in equipment graphic database does not exist: "JAP_light_sp_anti_air_brigade_1_entity", associated with JAP light_tank_chassis_1938
[00:42:02][no_game_date][equipment_graphic_database.cpp:59]: Entity referenced in equipment graphic database does not exist: "JAP_light_sp_anti_air_brigade_2_entity", associated with JAP light_tank_chassis_1938
[00:42:02][no_game_date][equipment_graphic_database.cpp:59]: Entity referenced in equipment graphic database does not exist: "JAP_light_sp_artillery_brigade_2_entity", associated with JAP light_tank_chassis_1938
[00:42:02][no_game_date][equipment_graphic_database.cpp:59]: Entity referenced in equipment graphic database does not exist: "JAP_light_tank_destroyer_brigade_2_entity", associated with JAP light_tank_chassis_1938
[00:42:02][no_game_date][equipment_graphic_database.cpp:59]: Entity referenced in equipment graphic database does not exist: "JAP_light_armor_0_entity", associated with JAP light_tank_chassis_1938
[00:42:02][no_game_date][equipment_graphic_database.cpp:36]: GFX referenced in equipment graphic database does not exist: "GFX_JAP_advanced_light_td_medium", associated with JAP light_tank_chassis_1940
[00:42:02][no_game_date][equipment_graphic_database.cpp:36]: GFX referenced in equipment graphic database does not exist: "GFX_JAP_advanced_light_art_medium", associated with JAP light_tank_chassis_1940
[00:42:02][no_game_date][equipment_graphic_database.cpp:36]: GFX referenced in equipment graphic database does not exist: "GFX_JAP_advanced_light_spaa_medium", associated with JAP light_tank_chassis_1940
[00:42:02][no_game_date][equipment_graphic_database.cpp:59]: Entity referenced in equipment graphic database does not exist: "JAP_light_armor_2_entity", associated with JAP light_tank_chassis_1940
[00:42:02][no_game_date][equipment_graphic_database.cpp:59]: Entity referenced in equipment graphic database does not exist: "JAP_light_sp_anti_air_brigade_1_entity", associated with JAP light_tank_chassis_1940
[00:42:02][no_game_date][equipment_graphic_database.cpp:59]: Entity referenced in equipment graphic database does not exist: "JAP_light_sp_anti_air_brigade_2_entity", associated with JAP light_tank_chassis_1940
[00:42:02][no_game_date][equipment_graphic_database.cpp:59]: Entity referenced in equipment graphic database does not exist: "JAP_light_sp_artillery_brigade_2_entity", associated with JAP light_tank_chassis_1940
[00:42:02][no_game_date][equipment_graphic_database.cpp:59]: Entity referenced in equipment graphic database does not exist: "JAP_light_tank_destroyer_brigade_2_entity", associated with JAP light_tank_chassis_1940
[00:42:02][no_game_date][equipment_graphic_database.cpp:59]: Entity referenced in equipment graphic database does not exist: "JAP_light_armor_0_entity", associated with JAP light_tank_chassis_1940
[00:42:02][no_game_date][equipment_graphic_database.cpp:59]: Entity referenced in equipment graphic database does not exist: "JAP_light_armor_2_entity", associated with JAP light_tank_chassis_1936
[00:42:02][no_game_date][equipment_graphic_database.cpp:59]: Entity referenced in equipment graphic database does not exist: "JAP_light_sp_anti_air_brigade_1_entity", associated with JAP light_tank_chassis_1936
[00:42:02][no_game_date][equipment_graphic_database.cpp:59]: Entity referenced in equipment graphic database does not exist: "JAP_light_sp_anti_air_brigade_2_entity", associated with JAP light_tank_chassis_1936
[00:42:02][no_game_date][equipment_graphic_database.cpp:59]: Entity referenced in equipment graphic database does not exist: "JAP_light_sp_artillery_brigade_2_entity", associated with JAP light_tank_chassis_1936
[00:42:02][no_game_date][equipment_graphic_database.cpp:59]: Entity referenced in equipment graphic database does not exist: "JAP_light_tank_destroyer_brigade_2_entity", associated with JAP light_tank_chassis_1936
[00:42:02][no_game_date][equipment_graphic_database.cpp:59]: Entity referenced in equipment graphic database does not exist: "JAP_light_armor_0_entity", associated with JAP light_tank_chassis_1936
[00:42:02][no_game_date][equipment_graphic_database.cpp:36]: GFX referenced in equipment graphic database does not exist: "GFX_JAP_basic_medium_td_medium", associated with JAP medium_tank_destroyer_chassis_1936
[00:42:02][no_game_date][equipment_graphic_database.cpp:59]: Entity referenced in equipment graphic database does not exist: "JAP_medium_armor_2_entity", associated with JAP medium_tank_destroyer_chassis_1936
[00:42:02][no_game_date][equipment_graphic_database.cpp:59]: Entity referenced in equipment graphic database does not exist: "JAP_medium_sp_artillery_brigade_0_entity", associated with JAP medium_tank_destroyer_chassis_1936
[00:42:02][no_game_date][equipment_graphic_database.cpp:59]: Entity referenced in equipment graphic database does not exist: "JAP_medium_sp_artillery_brigade_1_entity", associated with JAP medium_tank_destroyer_chassis_1936
[00:42:02][no_game_date][equipment_graphic_database.cpp:59]: Entity referenced in equipment graphic database does not exist: "JAP_medium_sp_artillery_brigade_2_entity", associated with JAP medium_tank_destroyer_chassis_1936
[00:42:02][no_game_date][equipment_graphic_database.cpp:59]: Entity referenced in equipment graphic database does not exist: "JAP_medium_tank_destroyer_brigade_1_entity", associated with JAP medium_tank_destroyer_chassis_1936
[00:42:02][no_game_date][equipment_graphic_database.cpp:59]: Entity referenced in equipment graphic database does not exist: "JAP_medium_tank_destroyer_brigade_2_entity", associated with JAP medium_tank_destroyer_chassis_1936
[00:42:02][no_game_date][equipment_graphic_database.cpp:59]: Entity referenced in equipment graphic database does not exist: "JAP_medium_armor_1_entity", associated with JAP medium_tank_destroyer_chassis_1936
[00:42:02][no_game_date][equipment_graphic_database.cpp:59]: Entity referenced in equipment graphic database does not exist: "JAP_medium_tank_destroyer_brigade_0_entity", associated with JAP medium_tank_destroyer_chassis_1936
[00:42:02][no_game_date][equipment_graphic_database.cpp:36]: GFX referenced in equipment graphic database does not exist: "GFX_JAP_improved_medium_td_medium", associated with JAP medium_tank_destroyer_chassis_1938
[00:42:02][no_game_date][equipment_graphic_database.cpp:59]: Entity referenced in equipment graphic database does not exist: "JAP_medium_armor_2_entity", associated with JAP medium_tank_destroyer_chassis_1938
[00:42:02][no_game_date][equipment_graphic_database.cpp:59]: Entity referenced in equipment graphic database does not exist: "JAP_medium_sp_artillery_brigade_0_entity", associated with JAP medium_tank_destroyer_chassis_1938
[00:42:02][no_game_date][equipment_graphic_database.cpp:59]: Entity referenced in equipment graphic database does not exist: "JAP_medium_sp_artillery_brigade_2_entity", associated with JAP medium_tank_destroyer_chassis_1938
[00:42:02][no_game_date][equipment_graphic_database.cpp:59]: Entity referenced in equipment graphic database does not exist: "JAP_medium_tank_destroyer_brigade_0_entity", associated with JAP medium_tank_destroyer_chassis_1938
[00:42:02][no_game_date][equipment_graphic_database.cpp:59]: Entity referenced in equipment graphic database does not exist: "JAP_medium_tank_destroyer_brigade_2_entity", associated with JAP medium_tank_destroyer_chassis_1938
[00:42:02][no_game_date][equipment_graphic_database.cpp:59]: Entity referenced in equipment graphic database does not exist: "JAP_medium_sp_artillery_brigade_1_entity", associated with JAP medium_tank_destroyer_chassis_1938
[00:42:02][no_game_date][equipment_graphic_database.cpp:59]: Entity referenced in equipment graphic database does not exist: "JAP_medium_tank_destroyer_brigade_1_entity", associated with JAP medium_tank_destroyer_chassis_1938
[00:42:02][no_game_date][equipment_graphic_database.cpp:59]: Entity referenced in equipment graphic database does not exist: "JAP_medium_armor_1_entity", associated with JAP medium_tank_destroyer_chassis_1938
[00:42:02][no_game_date][equipment_graphic_database.cpp:59]: Entity referenced in equipment graphic database does not exist: "JAP_heavy_sp_artillery_brigade_0_entity", associated with JAP heavy_tank_chassis_1938
[00:42:02][no_game_date][equipment_graphic_database.cpp:59]: Entity referenced in equipment graphic database does not exist: "JAP_heavy_sp_artillery_brigade_1_entity", associated with JAP heavy_tank_chassis_1938
[00:42:02][no_game_date][equipment_graphic_database.cpp:59]: Entity referenced in equipment graphic database does not exist: "JAP_heavy_tank_destroyer_brigade_0_entity", associated with JAP heavy_tank_chassis_1938
[00:42:02][no_game_date][equipment_graphic_database.cpp:59]: Entity referenced in equipment graphic database does not exist: "JAP_heavy_tank_destroyer_brigade_1_entity", associated with JAP heavy_tank_chassis_1938
[00:42:02][no_game_date][equipment_graphic_database.cpp:59]: Entity referenced in equipment graphic database does not exist: "JAP_heavy_armor_1_entity", associated with JAP heavy_tank_chassis_1938
[00:42:02][no_game_date][equipment_graphic_database.cpp:59]: Entity referenced in equipment graphic database does not exist: "JAP_heavy_armor_2_entity", associated with JAP heavy_tank_chassis_1938
[00:42:02][no_game_date][equipment_graphic_database.cpp:36]: GFX referenced in equipment graphic database does not exist: "GFX_JAP_improved_light_spaa_medium", associated with JAP light_tank_aa_chassis_1938
[00:42:02][no_game_date][equipment_graphic_database.cpp:59]: Entity referenced in equipment graphic database does not exist: "JAP_light_armor_2_entity", associated with JAP light_tank_aa_chassis_1938
[00:42:02][no_game_date][equipment_graphic_database.cpp:59]: Entity referenced in equipment graphic database does not exist: "JAP_light_sp_artillery_brigade_2_entity", associated with JAP light_tank_aa_chassis_1938
[00:42:02][no_game_date][equipment_graphic_database.cpp:59]: Entity referenced in equipment graphic database does not exist: "JAP_light_tank_destroyer_brigade_2_entity", associated with JAP light_tank_aa_chassis_1938
[00:42:02][no_game_date][equipment_graphic_database.cpp:59]: Entity referenced in equipment graphic database does not exist: "JAP_light_armor_0_entity", associated with JAP light_tank_aa_chassis_1938
[00:42:02][no_game_date][equipment_graphic_database.cpp:59]: Entity referenced in equipment graphic database does not exist: "JAP_light_sp_anti_air_brigade_2_entity", associated with JAP light_tank_aa_chassis_1938
[00:42:02][no_game_date][equipment_graphic_database.cpp:59]: Entity referenced in equipment graphic database does not exist: "JAP_light_sp_anti_air_brigade_1_entity", associated with JAP light_tank_aa_chassis_1938
[00:42:02][no_game_date][equipment_graphic_database.cpp:36]: GFX referenced in equipment graphic database does not exist: "GFX_JAP_improved_light_spaa_medium", associated with JAP light_tank_aa_chassis_1936
[00:42:02][no_game_date][equipment_graphic_database.cpp:59]: Entity referenced in equipment graphic database does not exist: "JAP_light_armor_2_entity", associated with JAP light_tank_aa_chassis_1936
[00:42:02][no_game_date][equipment_graphic_database.cpp:59]: Entity referenced in equipment graphic database does not exist: "JAP_light_sp_anti_air_brigade_2_entity", associated with JAP light_tank_aa_chassis_1936
[00:42:02][no_game_date][equipment_graphic_database.cpp:59]: Entity referenced in equipment graphic database does not exist: "JAP_light_sp_artillery_brigade_2_entity", associated with JAP light_tank_aa_chassis_1936
[00:42:02][no_game_date][equipment_graphic_database.cpp:59]: Entity referenced in equipment graphic database does not exist: "JAP_light_tank_destroyer_brigade_2_entity", associated with JAP light_tank_aa_chassis_1936
[00:42:02][no_game_date][equipment_graphic_database.cpp:59]: Entity referenced in equipment graphic database does not exist: "JAP_light_armor_0_entity", associated with JAP light_tank_aa_chassis_1936
[00:42:02][no_game_date][equipment_graphic_database.cpp:59]: Entity referenced in equipment graphic database does not exist: "JAP_light_sp_anti_air_brigade_1_entity", associated with JAP light_tank_aa_chassis_1936
[00:42:02][no_game_date][equipment_graphic_database.cpp:59]: Entity referenced in equipment graphic database does not exist: "JAP_heavy_armor_2_entity", associated with JAP heavy_tank_chassis_1936
[00:42:02][no_game_date][equipment_graphic_database.cpp:59]: Entity referenced in equipment graphic database does not exist: "JAP_heavy_sp_artillery_brigade_0_entity", associated with JAP heavy_tank_chassis_1936
[00:42:02][no_game_date][equipment_graphic_database.cpp:59]: Entity referenced in equipment graphic database does not exist: "JAP_heavy_sp_artillery_brigade_1_entity", associated with JAP heavy_tank_chassis_1936
[00:42:02][no_game_date][equipment_graphic_database.cpp:59]: Entity referenced in equipment graphic database does not exist: "JAP_heavy_tank_destroyer_brigade_0_entity", associated with JAP heavy_tank_chassis_1936
[00:42:02][no_game_date][equipment_graphic_database.cpp:59]: Entity referenced in equipment graphic database does not exist: "JAP_heavy_tank_destroyer_brigade_1_entity", associated with JAP heavy_tank_chassis_1936
[00:42:02][no_game_date][equipment_graphic_database.cpp:59]: Entity referenced in equipment graphic database does not exist: "JAP_heavy_armor_1_entity", associated with JAP heavy_tank_chassis_1936
[00:42:02][no_game_date][equipment_graphic_database.cpp:36]: GFX referenced in equipment graphic database does not exist: "GFX_JAP_basic_heavy_art_medium", associated with JAP heavy_tank_chassis_1936
[00:42:02][no_game_date][equipment_graphic_database.cpp:36]: GFX referenced in equipment graphic database does not exist: "GFX_JAP_basic_heavy_td_medium", associated with JAP heavy_tank_chassis_1936
[00:42:02][no_game_date][equipment_graphic_database.cpp:59]: Entity referenced in equipment graphic database does not exist: "JAP_heavy_armor_2_entity", associated with JAP heavy_tank_chassis_1936
[00:42:02][no_game_date][equipment_graphic_database.cpp:59]: Entity referenced in equipment graphic database does not exist: "JAP_heavy_sp_artillery_brigade_0_entity", associated with JAP heavy_tank_chassis_1936
[00:42:02][no_game_date][equipment_graphic_database.cpp:59]: Entity referenced in equipment graphic database does not exist: "JAP_heavy_sp_artillery_brigade_1_entity", associated with JAP heavy_tank_chassis_1936
[00:42:02][no_game_date][equipment_graphic_database.cpp:59]: Entity referenced in equipment graphic database does not exist: "JAP_heavy_tank_destroyer_brigade_0_entity", associated with JAP heavy_tank_chassis_1936
[00:42:02][no_game_date][equipment_graphic_database.cpp:59]: Entity referenced in equipment graphic database does not exist: "JAP_heavy_tank_destroyer_brigade_1_entity", associated with JAP heavy_tank_chassis_1936
[00:42:02][no_game_date][equipment_graphic_database.cpp:59]: Entity referenced in equipment graphic database does not exist: "JAP_heavy_armor_1_entity", associated with JAP heavy_tank_chassis_1936
[00:42:02][no_game_date][equipment_graphic_database.cpp:36]: GFX referenced in equipment graphic database does not exist: "GFX_JAP_advanced_medium_art_medium", associated with JAP medium_tank_artillery_chassis_1940
[00:42:02][no_game_date][equipment_graphic_database.cpp:59]: Entity referenced in equipment graphic database does not exist: "JAP_medium_armor_2_entity", associated with JAP medium_tank_artillery_chassis_1940
[00:42:02][no_game_date][equipment_graphic_database.cpp:59]: Entity referenced in equipment graphic database does not exist: "JAP_medium_sp_artillery_brigade_0_entity", associated with JAP medium_tank_artillery_chassis_1940
[00:42:02][no_game_date][equipment_graphic_database.cpp:59]: Entity referenced in equipment graphic database does not exist: "JAP_medium_sp_artillery_brigade_1_entity", associated with JAP medium_tank_artillery_chassis_1940
[00:42:02][no_game_date][equipment_graphic_database.cpp:59]: Entity referenced in equipment graphic database does not exist: "JAP_medium_tank_destroyer_brigade_0_entity", associated with JAP medium_tank_artillery_chassis_1940
[00:42:02][no_game_date][equipment_graphic_database.cpp:59]: Entity referenced in equipment graphic database does not exist: "JAP_medium_tank_destroyer_brigade_1_entity", associated with JAP medium_tank_artillery_chassis_1940
[00:42:02][no_game_date][equipment_graphic_database.cpp:59]: Entity referenced in equipment graphic database does not exist: "JAP_medium_tank_destroyer_brigade_2_entity", associated with JAP medium_tank_artillery_chassis_1940
[00:42:02][no_game_date][equipment_graphic_database.cpp:59]: Entity referenced in equipment graphic database does not exist: "JAP_medium_armor_1_entity", associated with JAP medium_tank_artillery_chassis_1940
[00:42:02][no_game_date][equipment_graphic_database.cpp:59]: Entity referenced in equipment graphic database does not exist: "JAP_medium_sp_artillery_brigade_2_entity", associated with JAP medium_tank_artillery_chassis_1940
[00:42:02][no_game_date][equipment_graphic_database.cpp:36]: GFX referenced in equipment graphic database does not exist: "GFX_JAP_basic_heavy_td_medium", associated with JAP heavy_tank_destroyer_chassis_1936
[00:42:02][no_game_date][equipment_graphic_database.cpp:59]: Entity referenced in equipment graphic database does not exist: "JAP_heavy_armor_2_entity", associated with JAP heavy_tank_destroyer_chassis_1936
[00:42:02][no_game_date][equipment_graphic_database.cpp:59]: Entity referenced in equipment graphic database does not exist: "JAP_heavy_sp_artillery_brigade_0_entity", associated with JAP heavy_tank_destroyer_chassis_1936
[00:42:02][no_game_date][equipment_graphic_database.cpp:59]: Entity referenced in equipment graphic database does not exist: "JAP_heavy_sp_artillery_brigade_1_entity", associated with JAP heavy_tank_destroyer_chassis_1936
[00:42:02][no_game_date][equipment_graphic_database.cpp:59]: Entity referenced in equipment graphic database does not exist: "JAP_heavy_tank_destroyer_brigade_1_entity", associated with JAP heavy_tank_destroyer_chassis_1936
[00:42:02][no_game_date][equipment_graphic_database.cpp:59]: Entity referenced in equipment graphic database does not exist: "JAP_heavy_armor_1_entity", associated with JAP heavy_tank_destroyer_chassis_1936
[00:42:02][no_game_date][equipment_graphic_database.cpp:59]: Entity referenced in equipment graphic database does not exist: "JAP_heavy_tank_destroyer_brigade_0_entity", associated with JAP heavy_tank_destroyer_chassis_1936
[00:42:02][no_game_date][equipment_graphic_database.cpp:36]: GFX referenced in equipment graphic database does not exist: "GFX_JAP_improved_heavy_td_medium", associated with JAP heavy_tank_destroyer_chassis_1938
[00:42:02][no_game_date][equipment_graphic_database.cpp:59]: Entity referenced in equipment graphic database does not exist: "JAP_heavy_armor_2_entity", associated with JAP heavy_tank_destroyer_chassis_1938
[00:42:02][no_game_date][equipment_graphic_database.cpp:59]: Entity referenced in equipment graphic database does not exist: "JAP_heavy_sp_artillery_brigade_0_entity", associated with JAP heavy_tank_destroyer_chassis_1938
[00:42:02][no_game_date][equipment_graphic_database.cpp:59]: Entity referenced in equipment graphic database does not exist: "JAP_heavy_sp_artillery_brigade_1_entity", associated with JAP heavy_tank_destroyer_chassis_1938
[00:42:02][no_game_date][equipment_graphic_database.cpp:59]: Entity referenced in equipment graphic database does not exist: "JAP_heavy_tank_destroyer_brigade_0_entity", associated with JAP heavy_tank_destroyer_chassis_1938
[00:42:02][no_game_date][equipment_graphic_database.cpp:59]: Entity referenced in equipment graphic database does not exist: "JAP_heavy_armor_1_entity", associated with JAP heavy_tank_destroyer_chassis_1938
[00:42:02][no_game_date][equipment_graphic_database.cpp:59]: Entity referenced in equipment graphic database does not exist: "JAP_heavy_tank_destroyer_brigade_1_entity", associated with JAP heavy_tank_destroyer_chassis_1938
[00:42:02][no_game_date][equipment_graphic_database.cpp:36]: GFX referenced in equipment graphic database does not exist: "GFX_JAP_improved_medium_art_medium", associated with JAP medium_tank_artillery_chassis_1938
[00:42:02][no_game_date][equipment_graphic_database.cpp:59]: Entity referenced in equipment graphic database does not exist: "JAP_medium_armor_2_entity", associated with JAP medium_tank_artillery_chassis_1938
[00:42:02][no_game_date][equipment_graphic_database.cpp:59]: Entity referenced in equipment graphic database does not exist: "JAP_medium_sp_artillery_brigade_0_entity", associated with JAP medium_tank_artillery_chassis_1938
[00:42:02][no_game_date][equipment_graphic_database.cpp:59]: Entity referenced in equipment graphic database does not exist: "JAP_medium_sp_artillery_brigade_2_entity", associated with JAP medium_tank_artillery_chassis_1938
[00:42:02][no_game_date][equipment_graphic_database.cpp:59]: Entity referenced in equipment graphic database does not exist: "JAP_medium_tank_destroyer_brigade_0_entity", associated with JAP medium_tank_artillery_chassis_1938
[00:42:02][no_game_date][equipment_graphic_database.cpp:59]: Entity referenced in equipment graphic database does not exist: "JAP_medium_tank_destroyer_brigade_1_entity", associated with JAP medium_tank_artillery_chassis_1938
[00:42:02][no_game_date][equipment_graphic_database.cpp:59]: Entity referenced in equipment graphic database does not exist: "JAP_medium_tank_destroyer_brigade_2_entity", associated with JAP medium_tank_artillery_chassis_1938
[00:42:02][no_game_date][equipment_graphic_database.cpp:59]: Entity referenced in equipment graphic database does not exist: "JAP_medium_armor_1_entity", associated with JAP medium_tank_artillery_chassis_1938
[00:42:02][no_game_date][equipment_graphic_database.cpp:59]: Entity referenced in equipment graphic database does not exist: "JAP_medium_sp_artillery_brigade_1_entity", associated with JAP medium_tank_artillery_chassis_1938
[00:42:02][no_game_date][equipment_graphic_database.cpp:36]: GFX referenced in equipment graphic database does not exist: "GFX_JAP_basic_medium_art_medium", associated with JAP medium_tank_artillery_chassis_1936
[00:42:02][no_game_date][equipment_graphic_database.cpp:59]: Entity referenced in equipment graphic database does not exist: "JAP_medium_armor_2_entity", associated with JAP medium_tank_artillery_chassis_1936
[00:42:02][no_game_date][equipment_graphic_database.cpp:59]: Entity referenced in equipment graphic database does not exist: "JAP_medium_sp_artillery_brigade_1_entity", associated with JAP medium_tank_artillery_chassis_1936
[00:42:02][no_game_date][equipment_graphic_database.cpp:59]: Entity referenced in equipment graphic database does not exist: "JAP_medium_sp_artillery_brigade_2_entity", associated with JAP medium_tank_artillery_chassis_1936
[00:42:02][no_game_date][equipment_graphic_database.cpp:59]: Entity referenced in equipment graphic database does not exist: "JAP_medium_tank_destroyer_brigade_0_entity", associated with JAP medium_tank_artillery_chassis_1936
[00:42:02][no_game_date][equipment_graphic_database.cpp:59]: Entity referenced in equipment graphic database does not exist: "JAP_medium_tank_destroyer_brigade_1_entity", associated with JAP medium_tank_artillery_chassis_1936
[00:42:02][no_game_date][equipment_graphic_database.cpp:59]: Entity referenced in equipment graphic database does not exist: "JAP_medium_tank_destroyer_brigade_2_entity", associated with JAP medium_tank_artillery_chassis_1936
[00:42:02][no_game_date][equipment_graphic_database.cpp:59]: Entity referenced in equipment graphic database does not exist: "JAP_medium_armor_1_entity", associated with JAP medium_tank_artillery_chassis_1936
[00:42:02][no_game_date][equipment_graphic_database.cpp:59]: Entity referenced in equipment graphic database does not exist: "JAP_medium_sp_artillery_brigade_0_entity", associated with JAP medium_tank_artillery_chassis_1936
[00:42:02][no_game_date][equipment_graphic_database.cpp:36]: GFX referenced in equipment graphic database does not exist: "GFX_JAP_light_flame_tank_medium", associated with JAP light_tank_flame_chassis
[00:42:02][no_game_date][equipment_graphic_database.cpp:59]: Entity referenced in equipment graphic database does not exist: "JAP_light_flame_tank_entity", associated with JAP light_tank_flame_chassis
[00:42:02][no_game_date][equipment_graphic_database.cpp:59]: Entity referenced in equipment graphic database does not exist: "JAP_medium_sp_artillery_brigade_0_entity", associated with JAP medium_tank_chassis_1940
[00:42:02][no_game_date][equipment_graphic_database.cpp:59]: Entity referenced in equipment graphic database does not exist: "JAP_medium_sp_artillery_brigade_1_entity", associated with JAP medium_tank_chassis_1940
[00:42:02][no_game_date][equipment_graphic_database.cpp:59]: Entity referenced in equipment graphic database does not exist: "JAP_medium_sp_artillery_brigade_2_entity", associated with JAP medium_tank_chassis_1940
[00:42:02][no_game_date][equipment_graphic_database.cpp:59]: Entity referenced in equipment graphic database does not exist: "JAP_medium_tank_destroyer_brigade_0_entity", associated with JAP medium_tank_chassis_1940
[00:42:02][no_game_date][equipment_graphic_database.cpp:59]: Entity referenced in equipment graphic database does not exist: "JAP_medium_tank_destroyer_brigade_1_entity", associated with JAP medium_tank_chassis_1940
[00:42:02][no_game_date][equipment_graphic_database.cpp:59]: Entity referenced in equipment graphic database does not exist: "JAP_medium_tank_destroyer_brigade_2_entity", associated with JAP medium_tank_chassis_1940
[00:42:02][no_game_date][equipment_graphic_database.cpp:59]: Entity referenced in equipment graphic database does not exist: "JAP_medium_armor_1_entity", associated with JAP medium_tank_chassis_1940
[00:42:02][no_game_date][equipment_graphic_database.cpp:59]: Entity referenced in equipment graphic database does not exist: "JAP_medium_armor_2_entity", associated with JAP medium_tank_chassis_1940
[00:42:02][no_game_date][equipment_graphic_database.cpp:59]: Entity referenced in equipment graphic database does not exist: "JAP_heavy_sp_artillery_brigade_0_entity", associated with JAP heavy_tank_chassis_1940
[00:42:02][no_game_date][equipment_graphic_database.cpp:59]: Entity referenced in equipment graphic database does not exist: "JAP_heavy_sp_artillery_brigade_1_entity", associated with JAP heavy_tank_chassis_1940
[00:42:02][no_game_date][equipment_graphic_database.cpp:59]: Entity referenced in equipment graphic database does not exist: "JAP_heavy_tank_destroyer_brigade_0_entity", associated with JAP heavy_tank_chassis_1940
[00:42:02][no_game_date][equipment_graphic_database.cpp:59]: Entity referenced in equipment graphic database does not exist: "JAP_heavy_tank_destroyer_brigade_1_entity", associated with JAP heavy_tank_chassis_1940
[00:42:02][no_game_date][equipment_graphic_database.cpp:59]: Entity referenced in equipment graphic database does not exist: "JAP_heavy_armor_1_entity", associated with JAP heavy_tank_chassis_1940
[00:42:02][no_game_date][equipment_graphic_database.cpp:59]: Entity referenced in equipment graphic database does not exist: "JAP_heavy_armor_2_entity", associated with JAP heavy_tank_chassis_1940
[00:42:02][no_game_date][equipment_graphic_database.cpp:36]: GFX referenced in equipment graphic database does not exist: "GFX_JAP_improved_heavy_art_medium", associated with JAP heavy_tank_artillery_chassis_1938
[00:42:02][no_game_date][equipment_graphic_database.cpp:59]: Entity referenced in equipment graphic database does not exist: "JAP_heavy_armor_2_entity", associated with JAP heavy_tank_artillery_chassis_1938
[00:42:02][no_game_date][equipment_graphic_database.cpp:59]: Entity referenced in equipment graphic database does not exist: "JAP_heavy_sp_artillery_brigade_0_entity", associated with JAP heavy_tank_artillery_chassis_1938
[00:42:02][no_game_date][equipment_graphic_database.cpp:59]: Entity referenced in equipment graphic database does not exist: "JAP_heavy_tank_destroyer_brigade_0_entity", associated with JAP heavy_tank_artillery_chassis_1938
[00:42:02][no_game_date][equipment_graphic_database.cpp:59]: Entity referenced in equipment graphic database does not exist: "JAP_heavy_tank_destroyer_brigade_1_entity", associated with JAP heavy_tank_artillery_chassis_1938
[00:42:02][no_game_date][equipment_graphic_database.cpp:59]: Entity referenced in equipment graphic database does not exist: "JAP_heavy_armor_1_entity", associated with JAP heavy_tank_artillery_chassis_1938
[00:42:02][no_game_date][equipment_graphic_database.cpp:59]: Entity referenced in equipment graphic database does not exist: "JAP_heavy_sp_artillery_brigade_1_entity", associated with JAP heavy_tank_artillery_chassis_1938
[00:42:02][no_game_date][equipment_graphic_database.cpp:36]: GFX referenced in equipment graphic database does not exist: "GFX_JAP_basic_heavy_art_medium", associated with JAP heavy_tank_artillery_chassis_1936
[00:42:02][no_game_date][equipment_graphic_database.cpp:59]: Entity referenced in equipment graphic database does not exist: "JAP_heavy_armor_2_entity", associated with JAP heavy_tank_artillery_chassis_1936
[00:42:02][no_game_date][equipment_graphic_database.cpp:59]: Entity referenced in equipment graphic database does not exist: "JAP_heavy_sp_artillery_brigade_1_entity", associated with JAP heavy_tank_artillery_chassis_1936
[00:42:02][no_game_date][equipment_graphic_database.cpp:59]: Entity referenced in equipment graphic database does not exist: "JAP_heavy_tank_destroyer_brigade_0_entity", associated with JAP heavy_tank_artillery_chassis_1936
[00:42:02][no_game_date][equipment_graphic_database.cpp:59]: Entity referenced in equipment graphic database does not exist: "JAP_heavy_tank_destroyer_brigade_1_entity", associated with JAP heavy_tank_artillery_chassis_1936
[00:42:02][no_game_date][equipment_graphic_database.cpp:59]: Entity referenced in equipment graphic database does not exist: "JAP_heavy_armor_1_entity", associated with JAP heavy_tank_artillery_chassis_1936
[00:42:02][no_game_date][equipment_graphic_database.cpp:59]: Entity referenced in equipment graphic database does not exist: "JAP_heavy_sp_artillery_brigade_0_entity", associated with JAP heavy_tank_artillery_chassis_1936
[00:42:02][no_game_date][equipment_graphic_database.cpp:36]: GFX referenced in equipment graphic database does not exist: "GFX_JAP_improved_medium_art_medium", associated with JAP medium_tank_chassis_1938
[00:42:02][no_game_date][equipment_graphic_database.cpp:36]: GFX referenced in equipment graphic database does not exist: "GFX_JAP_improved_medium_td_medium", associated with JAP medium_tank_chassis_1938
[00:42:02][no_game_date][equipment_graphic_database.cpp:59]: Entity referenced in equipment graphic database does not exist: "JAP_medium_armor_2_entity", associated with JAP medium_tank_chassis_1938
[00:42:02][no_game_date][equipment_graphic_database.cpp:59]: Entity referenced in equipment graphic database does not exist: "JAP_medium_sp_artillery_brigade_0_entity", associated with JAP medium_tank_chassis_1938
[00:42:02][no_game_date][equipment_graphic_database.cpp:59]: Entity referenced in equipment graphic database does not exist: "JAP_medium_sp_artillery_brigade_1_entity", associated with JAP medium_tank_chassis_1938
[00:42:02][no_game_date][equipment_graphic_database.cpp:59]: Entity referenced in equipment graphic database does not exist: "JAP_medium_sp_artillery_brigade_2_entity", associated with JAP medium_tank_chassis_1938
[00:42:02][no_game_date][equipment_graphic_database.cpp:59]: Entity referenced in equipment graphic database does not exist: "JAP_medium_tank_destroyer_brigade_0_entity", associated with JAP medium_tank_chassis_1938
[00:42:02][no_game_date][equipment_graphic_database.cpp:59]: Entity referenced in equipment graphic database does not exist: "JAP_medium_tank_destroyer_brigade_1_entity", associated with JAP medium_tank_chassis_1938
[00:42:02][no_game_date][equipment_graphic_database.cpp:59]: Entity referenced in equipment graphic database does not exist: "JAP_medium_tank_destroyer_brigade_2_entity", associated with JAP medium_tank_chassis_1938
[00:42:02][no_game_date][equipment_graphic_database.cpp:59]: Entity referenced in equipment graphic database does not exist: "JAP_medium_armor_1_entity", associated with JAP medium_tank_chassis_1938
[00:42:02][no_game_date][equipment_graphic_database.cpp:36]: GFX referenced in equipment graphic database does not exist: "GFX_JAP_basic_medium_art_medium", associated with JAP medium_tank_chassis_1936
[00:42:02][no_game_date][equipment_graphic_database.cpp:36]: GFX referenced in equipment graphic database does not exist: "GFX_JAP_basic_medium_td_medium", associated with JAP medium_tank_chassis_1936
[00:42:02][no_game_date][equipment_graphic_database.cpp:59]: Entity referenced in equipment graphic database does not exist: "JAP_medium_armor_2_entity", associated with JAP medium_tank_chassis_1936
[00:42:02][no_game_date][equipment_graphic_database.cpp:59]: Entity referenced in equipment graphic database does not exist: "JAP_medium_sp_artillery_brigade_0_entity", associated with JAP medium_tank_chassis_1936
[00:42:02][no_game_date][equipment_graphic_database.cpp:59]: Entity referenced in equipment graphic database does not exist: "JAP_medium_sp_artillery_brigade_1_entity", associated with JAP medium_tank_chassis_1936
[00:42:02][no_game_date][equipment_graphic_database.cpp:59]: Entity referenced in equipment graphic database does not exist: "JAP_medium_sp_artillery_brigade_2_entity", associated with JAP medium_tank_chassis_1936
[00:42:02][no_game_date][equipment_graphic_database.cpp:59]: Entity referenced in equipment graphic database does not exist: "JAP_medium_tank_destroyer_brigade_0_entity", associated with JAP medium_tank_chassis_1936
[00:42:02][no_game_date][equipment_graphic_database.cpp:59]: Entity referenced in equipment graphic database does not exist: "JAP_medium_tank_destroyer_brigade_1_entity", associated with JAP medium_tank_chassis_1936
[00:42:02][no_game_date][equipment_graphic_database.cpp:59]: Entity referenced in equipment graphic database does not exist: "JAP_medium_tank_destroyer_brigade_2_entity", associated with JAP medium_tank_chassis_1936
[00:42:02][no_game_date][equipment_graphic_database.cpp:59]: Entity referenced in equipment graphic database does not exist: "JAP_medium_armor_1_entity", associated with JAP medium_tank_chassis_1936
[00:42:02][no_game_date][equipment_graphic_database.cpp:36]: GFX referenced in equipment graphic database does not exist: "GFX_JAP_basic_medium_art_medium", associated with JAP medium_tank_chassis_1936
[00:42:02][no_game_date][equipment_graphic_database.cpp:36]: GFX referenced in equipment graphic database does not exist: "GFX_JAP_basic_medium_td_medium", associated with JAP medium_tank_chassis_1936
[00:42:02][no_game_date][equipment_graphic_database.cpp:59]: Entity referenced in equipment graphic database does not exist: "JAP_medium_armor_2_entity", associated with JAP medium_tank_chassis_1936
[00:42:02][no_game_date][equipment_graphic_database.cpp:59]: Entity referenced in equipment graphic database does not exist: "JAP_medium_sp_artillery_brigade_0_entity", associated with JAP medium_tank_chassis_1936
[00:42:02][no_game_date][equipment_graphic_database.cpp:59]: Entity referenced in equipment graphic database does not exist: "JAP_medium_sp_artillery_brigade_1_entity", associated with JAP medium_tank_chassis_1936
[00:42:02][no_game_date][equipment_graphic_database.cpp:59]: Entity referenced in equipment graphic database does not exist: "JAP_medium_sp_artillery_brigade_2_entity", associated with JAP medium_tank_chassis_1936
[00:42:02][no_game_date][equipment_graphic_database.cpp:59]: Entity referenced in equipment graphic database does not exist: "JAP_medium_tank_destroyer_brigade_0_entity", associated with JAP medium_tank_chassis_1936
[00:42:02][no_game_date][equipment_graphic_database.cpp:59]: Entity referenced in equipment graphic database does not exist: "JAP_medium_tank_destroyer_brigade_1_entity", associated with JAP medium_tank_chassis_1936
[00:42:02][no_game_date][equipment_graphic_database.cpp:59]: Entity referenced in equipment graphic database does not exist: "JAP_medium_tank_destroyer_brigade_2_entity", associated with JAP medium_tank_chassis_1936
[00:42:02][no_game_date][equipment_graphic_database.cpp:59]: Entity referenced in equipment graphic database does not exist: "JAP_medium_armor_1_entity", associated with JAP medium_tank_chassis_1936
[00:42:02][no_game_date][equipment_graphic_database.cpp:36]: GFX referenced in equipment graphic database does not exist: "GFX_JAP_advanced_medium_td_medium", associated with JAP medium_tank_destroyer_chassis_1940
[00:42:02][no_game_date][equipment_graphic_database.cpp:59]: Entity referenced in equipment graphic database does not exist: "JAP_medium_armor_2_entity", associated with JAP medium_tank_destroyer_chassis_1940
[00:42:02][no_game_date][equipment_graphic_database.cpp:59]: Entity referenced in equipment graphic database does not exist: "JAP_medium_sp_artillery_brigade_0_entity", associated with JAP medium_tank_destroyer_chassis_1940
[00:42:02][no_game_date][equipment_graphic_database.cpp:59]: Entity referenced in equipment graphic database does not exist: "JAP_medium_sp_artillery_brigade_1_entity", associated with JAP medium_tank_destroyer_chassis_1940
[00:42:02][no_game_date][equipment_graphic_database.cpp:59]: Entity referenced in equipment graphic database does not exist: "JAP_medium_sp_artillery_brigade_2_entity", associated with JAP medium_tank_destroyer_chassis_1940
[00:42:02][no_game_date][equipment_graphic_database.cpp:59]: Entity referenced in equipment graphic database does not exist: "JAP_medium_tank_destroyer_brigade_0_entity", associated with JAP medium_tank_destroyer_chassis_1940
[00:42:02][no_game_date][equipment_graphic_database.cpp:59]: Entity referenced in equipment graphic database does not exist: "JAP_medium_tank_destroyer_brigade_1_entity", associated with JAP medium_tank_destroyer_chassis_1940
[00:42:02][no_game_date][equipment_graphic_database.cpp:59]: Entity referenced in equipment graphic database does not exist: "JAP_medium_armor_1_entity", associated with JAP medium_tank_destroyer_chassis_1940
[00:42:02][no_game_date][equipment_graphic_database.cpp:59]: Entity referenced in equipment graphic database does not exist: "JAP_medium_tank_destroyer_brigade_2_entity", associated with JAP medium_tank_destroyer_chassis_1940
[00:42:02][no_game_date][equipment_graphic_database.cpp:36]: GFX referenced in equipment graphic database does not exist: "GFX_JAP_advanced_light_td_medium", associated with JAP light_tank_destroyer_chassis_1940
[00:42:02][no_game_date][equipment_graphic_database.cpp:59]: Entity referenced in equipment graphic database does not exist: "JAP_light_armor_2_entity", associated with JAP light_tank_destroyer_chassis_1940
[00:42:02][no_game_date][equipment_graphic_database.cpp:59]: Entity referenced in equipment graphic database does not exist: "JAP_light_sp_anti_air_brigade_1_entity", associated with JAP light_tank_destroyer_chassis_1940
[00:42:02][no_game_date][equipment_graphic_database.cpp:59]: Entity referenced in equipment graphic database does not exist: "JAP_light_sp_anti_air_brigade_2_entity", associated with JAP light_tank_destroyer_chassis_1940
[00:42:02][no_game_date][equipment_graphic_database.cpp:59]: Entity referenced in equipment graphic database does not exist: "JAP_light_sp_artillery_brigade_2_entity", associated with JAP light_tank_destroyer_chassis_1940
[00:42:02][no_game_date][equipment_graphic_database.cpp:59]: Entity referenced in equipment graphic database does not exist: "JAP_light_tank_destroyer_brigade_2_entity", associated with JAP light_tank_destroyer_chassis_1940
[00:42:02][no_game_date][equipment_graphic_database.cpp:59]: Entity referenced in equipment graphic database does not exist: "JAP_light_armor_0_entity", associated with JAP light_tank_destroyer_chassis_1940
[00:42:02][no_game_date][equipment_graphic_database.cpp:59]: Entity referenced in equipment graphic database does not exist: "JAP_light_armor_2_entity", associated with JAP light_tank_chassis
[00:42:02][no_game_date][equipment_graphic_database.cpp:59]: Entity referenced in equipment graphic database does not exist: "JAP_light_sp_anti_air_brigade_1_entity", associated with JAP light_tank_chassis
[00:42:02][no_game_date][equipment_graphic_database.cpp:59]: Entity referenced in equipment graphic database does not exist: "JAP_light_sp_anti_air_brigade_2_entity", associated with JAP light_tank_chassis
[00:42:02][no_game_date][equipment_graphic_database.cpp:59]: Entity referenced in equipment graphic database does not exist: "JAP_light_sp_artillery_brigade_2_entity", associated with JAP light_tank_chassis
[00:42:02][no_game_date][equipment_graphic_database.cpp:59]: Entity referenced in equipment graphic database does not exist: "JAP_light_tank_destroyer_brigade_2_entity", associated with JAP light_tank_chassis
[00:42:02][no_game_date][equipment_graphic_database.cpp:59]: Entity referenced in equipment graphic database does not exist: "JAP_light_armor_0_entity", associated with JAP light_tank_chassis
[00:42:02][no_game_date][equipment_graphic_database.cpp:36]: GFX referenced in equipment graphic database does not exist: "GFX_JAP_prototype_armor_0_medium", associated with JAP light_tank_chassis
[00:42:02][no_game_date][equipment_graphic_database.cpp:59]: Entity referenced in equipment graphic database does not exist: "JAP_prototype_armor_0_entity", associated with JAP light_tank_chassis
[00:42:02][no_game_date][equipment_graphic_database.cpp:36]: GFX referenced in equipment graphic database does not exist: "GFX_JAP_prototype_armor_1_medium", associated with JAP medium_tank_chassis
[00:42:02][no_game_date][equipment_graphic_database.cpp:59]: Entity referenced in equipment graphic database does not exist: "JAP_prototype_armor_1_entity", associated with JAP medium_tank_chassis
[00:42:02][no_game_date][equipment_graphic_database.cpp:59]: Entity referenced in equipment graphic database does not exist: "JAP_light_armor_2_entity", associated with JAP light_tank_destroyer_chassis_1938
[00:42:02][no_game_date][equipment_graphic_database.cpp:59]: Entity referenced in equipment graphic database does not exist: "JAP_light_sp_artillery_brigade_2_entity", associated with JAP light_tank_destroyer_chassis_1938
[00:42:02][no_game_date][equipment_graphic_database.cpp:59]: Entity referenced in equipment graphic database does not exist: "JAP_light_armor_0_entity", associated with JAP light_tank_destroyer_chassis_1938
[00:42:02][no_game_date][equipment_graphic_database.cpp:59]: Entity referenced in equipment graphic database does not exist: "JAP_light_sp_anti_air_brigade_2_entity", associated with JAP light_tank_destroyer_chassis_1938
[00:42:02][no_game_date][equipment_graphic_database.cpp:59]: Entity referenced in equipment graphic database does not exist: "JAP_light_sp_anti_air_brigade_1_entity", associated with JAP light_tank_destroyer_chassis_1938
[00:42:02][no_game_date][equipment_graphic_database.cpp:59]: Entity referenced in equipment graphic database does not exist: "JAP_light_tank_destroyer_brigade_2_entity", associated with JAP light_tank_destroyer_chassis_1938
[00:42:02][no_game_date][equipment_graphic_database.cpp:36]: GFX referenced in equipment graphic database does not exist: "GFX_JAP_advanced_light_art_medium", associated with JAP light_tank_artillery_chassis_1940
[00:42:02][no_game_date][equipment_graphic_database.cpp:59]: Entity referenced in equipment graphic database does not exist: "JAP_light_armor_2_entity", associated with JAP light_tank_artillery_chassis_1940
[00:42:02][no_game_date][equipment_graphic_database.cpp:59]: Entity referenced in equipment graphic database does not exist: "JAP_light_sp_anti_air_brigade_1_entity", associated with JAP light_tank_artillery_chassis_1940
[00:42:02][no_game_date][equipment_graphic_database.cpp:59]: Entity referenced in equipment graphic database does not exist: "JAP_light_sp_anti_air_brigade_2_entity", associated with JAP light_tank_artillery_chassis_1940
[00:42:02][no_game_date][equipment_graphic_database.cpp:59]: Entity referenced in equipment graphic database does not exist: "JAP_light_tank_destroyer_brigade_2_entity", associated with JAP light_tank_artillery_chassis_1940
[00:42:02][no_game_date][equipment_graphic_database.cpp:59]: Entity referenced in equipment graphic database does not exist: "JAP_light_armor_0_entity", associated with JAP light_tank_artillery_chassis_1940
[00:42:02][no_game_date][equipment_graphic_database.cpp:59]: Entity referenced in equipment graphic database does not exist: "JAP_light_sp_artillery_brigade_2_entity", associated with JAP light_tank_artillery_chassis_1940
[00:42:02][no_game_date][equipment_graphic_database.cpp:59]: Entity referenced in equipment graphic database does not exist: "JAP_light_armor_2_entity", associated with JAP light_tank_artillery_chassis_1936
[00:42:02][no_game_date][equipment_graphic_database.cpp:59]: Entity referenced in equipment graphic database does not exist: "JAP_light_sp_anti_air_brigade_2_entity", associated with JAP light_tank_artillery_chassis_1936
[00:42:02][no_game_date][equipment_graphic_database.cpp:59]: Entity referenced in equipment graphic database does not exist: "JAP_light_sp_artillery_brigade_2_entity", associated with JAP light_tank_artillery_chassis_1936
[00:42:02][no_game_date][equipment_graphic_database.cpp:59]: Entity referenced in equipment graphic database does not exist: "JAP_light_tank_destroyer_brigade_2_entity", associated with JAP light_tank_artillery_chassis_1936
[00:42:02][no_game_date][equipment_graphic_database.cpp:59]: Entity referenced in equipment graphic database does not exist: "JAP_light_sp_anti_air_brigade_1_entity", associated with JAP light_tank_artillery_chassis_1936
[00:42:02][no_game_date][equipment_graphic_database.cpp:59]: Entity referenced in equipment graphic database does not exist: "JAP_light_armor_0_entity", associated with JAP light_tank_artillery_chassis_1936
[00:42:02][no_game_date][equipment_graphic_database.cpp:36]: GFX referenced in equipment graphic database does not exist: "GFX_JAP_advanced_light_spaa_medium", associated with JAP light_tank_aa_chassis_1940
[00:42:02][no_game_date][equipment_graphic_database.cpp:59]: Entity referenced in equipment graphic database does not exist: "JAP_light_armor_2_entity", associated with JAP light_tank_aa_chassis_1940
[00:42:02][no_game_date][equipment_graphic_database.cpp:59]: Entity referenced in equipment graphic database does not exist: "JAP_light_sp_anti_air_brigade_1_entity", associated with JAP light_tank_aa_chassis_1940
[00:42:02][no_game_date][equipment_graphic_database.cpp:59]: Entity referenced in equipment graphic database does not exist: "JAP_light_tank_destroyer_brigade_2_entity", associated with JAP light_tank_aa_chassis_1940
[00:42:02][no_game_date][equipment_graphic_database.cpp:59]: Entity referenced in equipment graphic database does not exist: "JAP_light_armor_0_entity", associated with JAP light_tank_aa_chassis_1940
[00:42:02][no_game_date][equipment_graphic_database.cpp:59]: Entity referenced in equipment graphic database does not exist: "JAP_light_sp_artillery_brigade_2_entity", associated with JAP light_tank_aa_chassis_1940
[00:42:02][no_game_date][equipment_graphic_database.cpp:59]: Entity referenced in equipment graphic database does not exist: "JAP_light_sp_anti_air_brigade_2_entity", associated with JAP light_tank_aa_chassis_1940
[00:42:02][no_game_date][equipment_graphic_database.cpp:36]: GFX referenced in equipment graphic database does not exist: "GFX_JAP_advanced_light_spaa_medium", associated with JAP light_tank_aa_chassis_1940
[00:42:02][no_game_date][equipment_graphic_database.cpp:59]: Entity referenced in equipment graphic database does not exist: "JAP_light_armor_2_entity", associated with JAP light_tank_aa_chassis_1940
[00:42:02][no_game_date][equipment_graphic_database.cpp:59]: Entity referenced in equipment graphic database does not exist: "JAP_light_sp_anti_air_brigade_1_entity", associated with JAP light_tank_aa_chassis_1940
[00:42:02][no_game_date][equipment_graphic_database.cpp:59]: Entity referenced in equipment graphic database does not exist: "JAP_light_sp_anti_air_brigade_2_entity", associated with JAP light_tank_aa_chassis_1940
[00:42:02][no_game_date][equipment_graphic_database.cpp:59]: Entity referenced in equipment graphic database does not exist: "JAP_light_sp_artillery_brigade_2_entity", associated with JAP light_tank_aa_chassis_1940
[00:42:02][no_game_date][equipment_graphic_database.cpp:59]: Entity referenced in equipment graphic database does not exist: "JAP_light_tank_destroyer_brigade_2_entity", associated with JAP light_tank_aa_chassis_1940
[00:42:02][no_game_date][equipment_graphic_database.cpp:59]: Entity referenced in equipment graphic database does not exist: "JAP_light_armor_0_entity", associated with JAP light_tank_aa_chassis_1940
[00:42:02][no_game_date][equipment_graphic_database.cpp:59]: Entity referenced in equipment graphic database does not exist: "JAP_light_armor_2_entity", associated with JAP light_tank_artillery_chassis_1938
[00:42:02][no_game_date][equipment_graphic_database.cpp:59]: Entity referenced in equipment graphic database does not exist: "JAP_light_armor_0_entity", associated with JAP light_tank_artillery_chassis_1938
[00:42:02][no_game_date][equipment_graphic_database.cpp:59]: Entity referenced in equipment graphic database does not exist: "JAP_light_sp_anti_air_brigade_2_entity", associated with JAP light_tank_artillery_chassis_1938
[00:42:02][no_game_date][equipment_graphic_database.cpp:59]: Entity referenced in equipment graphic database does not exist: "JAP_light_sp_anti_air_brigade_1_entity", associated with JAP light_tank_artillery_chassis_1938
[00:42:02][no_game_date][equipment_graphic_database.cpp:59]: Entity referenced in equipment graphic database does not exist: "JAP_light_tank_destroyer_brigade_2_entity", associated with JAP light_tank_artillery_chassis_1938
[00:42:02][no_game_date][equipment_graphic_database.cpp:59]: Entity referenced in equipment graphic database does not exist: "JAP_light_sp_artillery_brigade_2_entity", associated with JAP light_tank_artillery_chassis_1938
[00:42:02][no_game_date][equipment_graphic_database.cpp:36]: GFX referenced in equipment graphic database does not exist: "GFX_POL_prototype_armor_0_medium", associated with POL heavy_tank_chassis
[00:42:02][no_game_date][equipment_graphic_database.cpp:59]: Entity referenced in equipment graphic database does not exist: "POL_prototype_armor_0_entity", associated with POL heavy_tank_chassis
[00:42:02][no_game_date][equipment_graphic_database.cpp:36]: GFX referenced in equipment graphic database does not exist: "GFX_AST_prototype_armor_0_medium", associated with AST light_tank_chassis
[00:42:02][no_game_date][equipment_graphic_database.cpp:36]: GFX referenced in equipment graphic database does not exist: "GFX_AST_prototype_armor_1_medium", associated with AST light_tank_chassis
[00:42:02][no_game_date][equipment_graphic_database.cpp:59]: Entity referenced in equipment graphic database does not exist: "AST_prototype_armor_0_entity", associated with AST light_tank_chassis
[00:42:02][no_game_date][equipment_graphic_database.cpp:59]: Entity referenced in equipment graphic database does not exist: "AST_prototype_armor_1_entity", associated with AST light_tank_chassis
[00:42:02][no_game_date][equipment_graphic_database.cpp:36]: GFX referenced in equipment graphic database does not exist: "GFX_GER_medium_flame_tank_medium", associated with GER medium_tank_flame_chassis
[00:42:02][no_game_date][equipment_graphic_database.cpp:59]: Entity referenced in equipment graphic database does not exist: "GER_medium_flame_tank_entity", associated with GER medium_tank_flame_chassis
[00:42:02][no_game_date][equipment_graphic_database.cpp:59]: Entity referenced in equipment graphic database does not exist: "GER_light_tank_destroyer_brigade_0_entity", associated with GER light_tank_destroyer_chassis
[00:42:02][no_game_date][equipment_graphic_database.cpp:59]: Entity referenced in equipment graphic database does not exist: "GER_light_tank_destroyer_brigade_1_entity", associated with GER light_tank_destroyer_chassis
[00:42:02][no_game_date][equipment_graphic_database.cpp:59]: Entity referenced in equipment graphic database does not exist: "GER_light_tank_destroyer_brigade_2_entity", associated with GER light_tank_destroyer_chassis
[00:42:02][no_game_date][equipment_graphic_database.cpp:36]: GFX referenced in equipment graphic database does not exist: "GFX_GER_advanced_medium_spaa_medium", associated with GER medium_tank_aa_chassis_1940
[00:42:02][no_game_date][equipment_graphic_database.cpp:59]: Entity referenced in equipment graphic database does not exist: "GER_medium_sp_anti_air_brigade_2_entity", associated with GER medium_tank_aa_chassis_1940
[00:42:02][no_game_date][equipment_graphic_database.cpp:59]: Entity referenced in equipment graphic database does not exist: "GER_medium_tank_destroyer_brigade_0_entity", associated with GER medium_tank_destroyer_chassis
[00:42:02][no_game_date][equipment_graphic_database.cpp:59]: Entity referenced in equipment graphic database does not exist: "GER_medium_tank_destroyer_brigade_1_entity", associated with GER medium_tank_destroyer_chassis
[00:42:02][no_game_date][equipment_graphic_database.cpp:59]: Entity referenced in equipment graphic database does not exist: "GER_medium_tank_destroyer_brigade_2_entity", associated with GER medium_tank_destroyer_chassis
[00:42:02][no_game_date][equipment_graphic_database.cpp:36]: GFX referenced in equipment graphic database does not exist: "GFX_GER_basic_light_spaa_medium", associated with GER light_tank_aa_chassis
[00:42:02][no_game_date][equipment_graphic_database.cpp:59]: Entity referenced in equipment graphic database does not exist: "GER_light_sp_anti_air_brigade_0_entity", associated with GER light_tank_aa_chassis
[00:42:02][no_game_date][equipment_graphic_database.cpp:59]: Entity referenced in equipment graphic database does not exist: "GER_heavy_tank_destroyer_brigade_2_entity", associated with GER heavy_tank_destroyer_chassis_1940
[00:42:02][no_game_date][equipment_graphic_database.cpp:59]: Entity referenced in equipment graphic database does not exist: "GER_medium_tank_destroyer_brigade_0_entity", associated with GER medium_tank_destroyer_chassis_1936
[00:42:02][no_game_date][equipment_graphic_database.cpp:59]: Entity referenced in equipment graphic database does not exist: "GER_medium_tank_destroyer_brigade_0_entity", associated with GER medium_tank_destroyer_chassis_1936
[00:42:02][no_game_date][equipment_graphic_database.cpp:59]: Entity referenced in equipment graphic database does not exist: "GER_medium_tank_destroyer_brigade_1_entity", associated with GER medium_tank_destroyer_chassis_1938
[00:42:02][no_game_date][equipment_graphic_database.cpp:36]: GFX referenced in equipment graphic database does not exist: "GFX_GER_basic_medium_spaa_medium", associated with GER medium_tank_aa_chassis
[00:42:02][no_game_date][equipment_graphic_database.cpp:36]: GFX referenced in equipment graphic database does not exist: "GFX_GER_advanced_medium_spaa_medium", associated with GER medium_tank_aa_chassis
[00:42:02][no_game_date][equipment_graphic_database.cpp:59]: Entity referenced in equipment graphic database does not exist: "GER_medium_sp_anti_air_brigade_0_entity", associated with GER medium_tank_aa_chassis
[00:42:02][no_game_date][equipment_graphic_database.cpp:59]: Entity referenced in equipment graphic database does not exist: "GER_medium_sp_anti_air_brigade_1_entity", associated with GER medium_tank_aa_chassis
[00:42:02][no_game_date][equipment_graphic_database.cpp:59]: Entity referenced in equipment graphic database does not exist: "GER_medium_sp_anti_air_brigade_2_entity", associated with GER medium_tank_aa_chassis
[00:42:02][no_game_date][equipment_graphic_database.cpp:36]: GFX referenced in equipment graphic database does not exist: "GFX_GER_prototype_armor_0_medium", associated with GER medium_tank_aa_chassis
[00:42:02][no_game_date][equipment_graphic_database.cpp:59]: Entity referenced in equipment graphic database does not exist: "GER_prototype_armor_0_entity", associated with GER medium_tank_aa_chassis
[00:42:02][no_game_date][equipment_graphic_database.cpp:36]: GFX referenced in equipment graphic database does not exist: "GFX_GER_basic_light_spaa_medium", associated with GER light_tank_aa_chassis_1936
[00:42:02][no_game_date][equipment_graphic_database.cpp:59]: Entity referenced in equipment graphic database does not exist: "GER_light_sp_anti_air_brigade_0_entity", associated with GER light_tank_aa_chassis_1936
[00:42:02][no_game_date][equipment_graphic_database.cpp:36]: GFX referenced in equipment graphic database does not exist: "GFX_GER_basic_light_spaa_medium", associated with GER light_tank_aa_chassis_1936
[00:42:02][no_game_date][equipment_graphic_database.cpp:59]: Entity referenced in equipment graphic database does not exist: "GER_light_sp_anti_air_brigade_0_entity", associated with GER light_tank_aa_chassis_1936
[00:42:02][no_game_date][equipment_graphic_database.cpp:36]: GFX referenced in equipment graphic database does not exist: "GFX_GER_advanced_medium_art_medium", associated with GER medium_tank_artillery_chassis_1940
[00:42:02][no_game_date][equipment_graphic_database.cpp:59]: Entity referenced in equipment graphic database does not exist: "GER_medium_sp_artillery_brigade_2_entity", associated with GER medium_tank_artillery_chassis_1940
[00:42:02][no_game_date][equipment_graphic_database.cpp:36]: GFX referenced in equipment graphic database does not exist: "GFX_GER_basic_heavy_td_medium", associated with GER heavy_tank_destroyer_chassis_1936
[00:42:02][no_game_date][equipment_graphic_database.cpp:59]: Entity referenced in equipment graphic database does not exist: "GER_heavy_tank_destroyer_brigade_0_entity", associated with GER heavy_tank_destroyer_chassis_1936
[00:42:02][no_game_date][equipment_graphic_database.cpp:36]: GFX referenced in equipment graphic database does not exist: "GFX_GER_basic_heavy_td_medium", associated with GER heavy_tank_destroyer_chassis_1936
[00:42:02][no_game_date][equipment_graphic_database.cpp:59]: Entity referenced in equipment graphic database does not exist: "GER_heavy_tank_destroyer_brigade_0_entity", associated with GER heavy_tank_destroyer_chassis_1936
[00:42:02][no_game_date][equipment_graphic_database.cpp:59]: Entity referenced in equipment graphic database does not exist: "GER_heavy_tank_destroyer_brigade_1_entity", associated with GER heavy_tank_destroyer_chassis_1938
[00:42:02][no_game_date][equipment_graphic_database.cpp:59]: Entity referenced in equipment graphic database does not exist: "GER_medium_sp_artillery_brigade_1_entity", associated with GER medium_tank_artillery_chassis_1938
[00:42:02][no_game_date][equipment_graphic_database.cpp:36]: GFX referenced in equipment graphic database does not exist: "GFX_GER_improved_heavy_art_medium", associated with GER heavy_tank_artillery_chassis
[00:42:02][no_game_date][equipment_graphic_database.cpp:59]: Entity referenced in equipment graphic database does not exist: "GER_heavy_sp_artillery_brigade_1_entity", associated with GER heavy_tank_artillery_chassis
[00:42:02][no_game_date][equipment_graphic_database.cpp:36]: GFX referenced in equipment graphic database does not exist: "GFX_GER_prototype_armor_1_medium", associated with GER heavy_tank_artillery_chassis
[00:42:02][no_game_date][equipment_graphic_database.cpp:59]: Entity referenced in equipment graphic database does not exist: "GER_prototype_armor_1_entity", associated with GER heavy_tank_artillery_chassis
[00:42:02][no_game_date][equipment_graphic_database.cpp:59]: Entity referenced in equipment graphic database does not exist: "GER_medium_sp_artillery_brigade_0_entity", associated with GER medium_tank_artillery_chassis_1936
[00:42:02][no_game_date][equipment_graphic_database.cpp:59]: Entity referenced in equipment graphic database does not exist: "GER_medium_sp_artillery_brigade_0_entity", associated with GER medium_tank_artillery_chassis_1936
[00:42:02][no_game_date][equipment_graphic_database.cpp:36]: GFX referenced in equipment graphic database does not exist: "GFX_GER_light_flame_tank_medium", associated with GER light_tank_flame_chassis
[00:42:02][no_game_date][equipment_graphic_database.cpp:59]: Entity referenced in equipment graphic database does not exist: "GER_light_flame_tank_entity", associated with GER light_tank_flame_chassis
[00:42:02][no_game_date][equipment_graphic_database.cpp:36]: GFX referenced in equipment graphic database does not exist: "GFX_GER_modern_spaa_medium", associated with GER medium_tank_chassis_1944
[00:42:02][no_game_date][equipment_graphic_database.cpp:59]: Entity referenced in equipment graphic database does not exist: "GER_modern_sp_anti_air_brigade_0_entity", associated with GER medium_tank_chassis_1944
[00:42:02][no_game_date][equipment_graphic_database.cpp:59]: Entity referenced in equipment graphic database does not exist: "GER_medium_armor_2_alt_0_entity", associated with GER medium_tank_chassis_1940
[00:42:02][no_game_date][equipment_graphic_database.cpp:36]: GFX referenced in equipment graphic database does not exist: "GFX_GER_improved_heavy_art_medium", associated with GER heavy_tank_artillery_chassis_1938
[00:42:02][no_game_date][equipment_graphic_database.cpp:59]: Entity referenced in equipment graphic database does not exist: "GER_heavy_sp_artillery_brigade_1_entity", associated with GER heavy_tank_artillery_chassis_1938
[00:42:02][no_game_date][equipment_graphic_database.cpp:59]: Entity referenced in equipment graphic database does not exist: "GER_super_heavy_armor_alt_0_entity", associated with GER super_heavy_tank_chassis
[00:42:02][no_game_date][equipment_graphic_database.cpp:59]: Entity referenced in equipment graphic database does not exist: "GER_medium_sp_anti_air_brigade_1_entity", associated with GER medium_tank_aa_chassis_1938
[00:42:02][no_game_date][equipment_graphic_database.cpp:36]: GFX referenced in equipment graphic database does not exist: "GFX_GER_basic_medium_spaa_medium", associated with GER medium_tank_aa_chassis_1936
[00:42:02][no_game_date][equipment_graphic_database.cpp:59]: Entity referenced in equipment graphic database does not exist: "GER_medium_sp_anti_air_brigade_0_entity", associated with GER medium_tank_aa_chassis_1936
[00:42:02][no_game_date][equipment_graphic_database.cpp:36]: GFX referenced in equipment graphic database does not exist: "GFX_GER_basic_medium_spaa_medium", associated with GER medium_tank_aa_chassis_1936
[00:42:02][no_game_date][equipment_graphic_database.cpp:59]: Entity referenced in equipment graphic database does not exist: "GER_medium_sp_anti_air_brigade_0_entity", associated with GER medium_tank_aa_chassis_1936
[00:42:02][no_game_date][equipment_graphic_database.cpp:59]: Entity referenced in equipment graphic database does not exist: "GER_medium_tank_destroyer_brigade_2_entity", associated with GER medium_tank_destroyer_chassis_1940
[00:42:02][no_game_date][equipment_graphic_database.cpp:36]: GFX referenced in equipment graphic database does not exist: "GFX_GER_basic_light_art_medium", associated with GER light_tank_artillery_chassis
[00:42:02][no_game_date][equipment_graphic_database.cpp:59]: Entity referenced in equipment graphic database does not exist: "GER_light_sp_artillery_brigade_0_entity", associated with GER light_tank_artillery_chassis
[00:42:02][no_game_date][equipment_graphic_database.cpp:59]: Entity referenced in equipment graphic database does not exist: "GER_light_sp_artillery_brigade_1_entity", associated with GER light_tank_artillery_chassis
[00:42:02][no_game_date][equipment_graphic_database.cpp:36]: GFX referenced in equipment graphic database does not exist: "GFX_GER_advanced_medium_art_medium", associated with GER medium_tank_artillery_chassis
[00:42:02][no_game_date][equipment_graphic_database.cpp:59]: Entity referenced in equipment graphic database does not exist: "GER_medium_sp_artillery_brigade_0_entity", associated with GER medium_tank_artillery_chassis
[00:42:02][no_game_date][equipment_graphic_database.cpp:59]: Entity referenced in equipment graphic database does not exist: "GER_medium_sp_artillery_brigade_1_entity", associated with GER medium_tank_artillery_chassis
[00:42:02][no_game_date][equipment_graphic_database.cpp:59]: Entity referenced in equipment graphic database does not exist: "GER_medium_sp_artillery_brigade_2_entity", associated with GER medium_tank_artillery_chassis
[00:42:02][no_game_date][equipment_graphic_database.cpp:36]: GFX referenced in equipment graphic database does not exist: "GFX_GER_land_cruiser_armor_2_medium", associated with GER land_cruiser_chassis_1945
[00:42:02][no_game_date][equipment_graphic_database.cpp:36]: GFX referenced in equipment graphic database does not exist: "GFX_GER_land_cruiser_armor_medium", associated with GER land_cruiser_chassis_1945
[00:42:02][no_game_date][equipment_graphic_database.cpp:59]: Entity referenced in equipment graphic database does not exist: "GER_land_cruiser_alt_0_entity", associated with GER land_cruiser_chassis_1945
[00:42:02][no_game_date][equipment_graphic_database.cpp:59]: Entity referenced in equipment graphic database does not exist: "GER_land_cruiser_entity", associated with GER land_cruiser_chassis_1945
[00:42:02][no_game_date][equipment_graphic_database.cpp:59]: Entity referenced in equipment graphic database does not exist: "GER_light_tank_destroyer_brigade_2_entity", associated with GER light_tank_destroyer_chassis_1940
[00:42:02][no_game_date][equipment_graphic_database.cpp:59]: Entity referenced in equipment graphic database does not exist: "GER_medium_armor_2_alt_0_entity", associated with GER medium_tank_chassis
[00:42:02][no_game_date][equipment_graphic_database.cpp:36]: GFX referenced in equipment graphic database does not exist: "GFX_CZE_prototype_armor_0_medium", associated with GER medium_tank_chassis
[00:42:02][no_game_date][equipment_graphic_database.cpp:36]: GFX referenced in equipment graphic database does not exist: "GFX_GER_prototype_armor_1_medium", associated with GER medium_tank_chassis
[00:42:02][no_game_date][equipment_graphic_database.cpp:59]: Entity referenced in equipment graphic database does not exist: "CZE_prototype_armor_0_entity", associated with GER medium_tank_chassis
[00:42:02][no_game_date][equipment_graphic_database.cpp:59]: Entity referenced in equipment graphic database does not exist: "GER_prototype_armor_1_entity", associated with GER medium_tank_chassis
[00:42:02][no_game_date][equipment_graphic_database.cpp:59]: Entity referenced in equipment graphic database does not exist: "GER_light_tank_destroyer_brigade_0_entity", associated with GER light_tank_destroyer_chassis_1936
[00:42:02][no_game_date][equipment_graphic_database.cpp:59]: Entity referenced in equipment graphic database does not exist: "GER_light_tank_destroyer_brigade_0_entity", associated with GER light_tank_destroyer_chassis_1936
[00:42:02][no_game_date][equipment_graphic_database.cpp:59]: Entity referenced in equipment graphic database does not exist: "GER_light_tank_destroyer_brigade_1_entity", associated with GER light_tank_destroyer_chassis_1938
[00:42:02][no_game_date][equipment_graphic_database.cpp:36]: GFX referenced in equipment graphic database does not exist: "GFX_GER_improved_heavy_art_medium", associated with GER heavy_tank_destroyer_chassis
[00:42:02][no_game_date][equipment_graphic_database.cpp:36]: GFX referenced in equipment graphic database does not exist: "GFX_GER_basic_heavy_td_medium", associated with GER heavy_tank_destroyer_chassis
[00:42:02][no_game_date][equipment_graphic_database.cpp:59]: Entity referenced in equipment graphic database does not exist: "GER_heavy_sp_artillery_brigade_1_entity", associated with GER heavy_tank_destroyer_chassis
[00:42:02][no_game_date][equipment_graphic_database.cpp:59]: Entity referenced in equipment graphic database does not exist: "GER_heavy_tank_destroyer_brigade_0_entity", associated with GER heavy_tank_destroyer_chassis
[00:42:02][no_game_date][equipment_graphic_database.cpp:59]: Entity referenced in equipment graphic database does not exist: "GER_heavy_tank_destroyer_brigade_1_entity", associated with GER heavy_tank_destroyer_chassis
[00:42:02][no_game_date][equipment_graphic_database.cpp:59]: Entity referenced in equipment graphic database does not exist: "GER_heavy_tank_destroyer_brigade_2_entity", associated with GER heavy_tank_destroyer_chassis
[00:42:02][no_game_date][equipment_graphic_database.cpp:36]: GFX referenced in equipment graphic database does not exist: "GFX_GER_basic_light_art_medium", associated with GER light_tank_artillery_chassis_1936
[00:42:02][no_game_date][equipment_graphic_database.cpp:59]: Entity referenced in equipment graphic database does not exist: "GER_light_sp_artillery_brigade_0_entity", associated with GER light_tank_artillery_chassis_1936
[00:42:02][no_game_date][equipment_graphic_database.cpp:36]: GFX referenced in equipment graphic database does not exist: "GFX_GER_basic_light_art_medium", associated with GER light_tank_artillery_chassis_1936
[00:42:02][no_game_date][equipment_graphic_database.cpp:59]: Entity referenced in equipment graphic database does not exist: "GER_light_sp_artillery_brigade_0_entity", associated with GER light_tank_artillery_chassis_1936
[00:42:02][no_game_date][equipment_graphic_database.cpp:59]: Entity referenced in equipment graphic database does not exist: "GER_light_sp_artillery_brigade_1_entity", associated with GER light_tank_artillery_chassis_1938
[00:42:02][no_game_date][equipment_graphic_database.cpp:36]: GFX referenced in equipment graphic database does not exist: "GFX_CAN_prototype_armor_0_medium", associated with ENG medium_tank_aa_chassis
[00:42:02][no_game_date][equipment_graphic_database.cpp:59]: Entity referenced in equipment graphic database does not exist: "CAN_prototype_armor_0_entity", associated with ENG medium_tank_aa_chassis
[00:42:02][no_game_date][equipment_graphic_database.cpp:36]: GFX referenced in equipment graphic database does not exist: "GFX_ENG_heavy_flame_tank_medium", associated with ENG heavy_tank_flame_chassis
[00:42:02][no_game_date][equipment_graphic_database.cpp:59]: Entity referenced in equipment graphic database does not exist: "ENG_heavy_flame_tank_entity", associated with ENG heavy_tank_flame_chassis
[00:42:02][no_game_date][equipment_graphic_database.cpp:36]: GFX referenced in equipment graphic database does not exist: "GFX_ENG_prototype_armor_0_medium", associated with ENG light_tank_artillery_chassis
[00:42:02][no_game_date][equipment_graphic_database.cpp:59]: Entity referenced in equipment graphic database does not exist: "ENG_prototype_armor_0_entity", associated with ENG light_tank_artillery_chassis
[00:42:02][no_game_date][equipment_graphic_database.cpp:36]: GFX referenced in equipment graphic database does not exist: "GFX_ENG_land_cruiser_armor_medium", associated with ENG land_cruiser_chassis_1945
[00:42:02][no_game_date][equipment_graphic_database.cpp:59]: Entity referenced in equipment graphic database does not exist: "ENG_land_cruiser_entity", associated with ENG land_cruiser_chassis_1945
[00:42:02][no_game_date][equipment_graphic_database.cpp:36]: GFX referenced in equipment graphic database does not exist: "GFX_ENG_prototype_armor_1_medium", associated with ENG light_tank_chassis
[00:42:02][no_game_date][equipment_graphic_database.cpp:59]: Entity referenced in equipment graphic database does not exist: "ENG_prototype_armor_1_entity", associated with ENG light_tank_chassis
[00:42:02][no_game_date][equipment_graphic_database.cpp:36]: GFX referenced in equipment graphic database does not exist: "GFX_ENG_prototype_armor_2_medium", associated with ENG heavy_tank_destroyer_chassis
[00:42:02][no_game_date][equipment_graphic_database.cpp:59]: Entity referenced in equipment graphic database does not exist: "ENG_prototype_armor_2_entity", associated with ENG heavy_tank_destroyer_chassis
[00:42:02][no_game_date][equipment_graphic_database.cpp:36]: GFX referenced in equipment graphic database does not exist: "GFX_SOV_prototype_armor_0_medium", associated with SOV light_tank_destroyer_chassis
[00:42:02][no_game_date][equipment_graphic_database.cpp:59]: Entity referenced in equipment graphic database does not exist: "SOV_prototype_armor_0_entity", associated with SOV light_tank_destroyer_chassis
[00:42:02][no_game_date][equipment_graphic_database.cpp:36]: GFX referenced in equipment graphic database does not exist: "GFX_SOV_prototype_armor_1_medium", associated with SOV heavy_tank_chassis
[00:42:02][no_game_date][equipment_graphic_database.cpp:59]: Entity referenced in equipment graphic database does not exist: "SOV_prototype_armor_1_entity", associated with SOV heavy_tank_chassis
[00:42:02][no_game_date][equipment_graphic_database.cpp:36]: GFX referenced in equipment graphic database does not exist: "GFX_SOV_land_cruiser_armor_medium", associated with SOV land_cruiser_chassis_1945
[00:42:02][no_game_date][equipment_graphic_database.cpp:59]: Entity referenced in equipment graphic database does not exist: "SOV_land_cruiser_entity", associated with SOV land_cruiser_chassis_1945
[00:42:02][no_game_date][equipment_graphic_database.cpp:36]: GFX referenced in equipment graphic database does not exist: "GFX_SOV_prototype_armor_2_medium", associated with SOV medium_tank_chassis
[00:42:02][no_game_date][equipment_graphic_database.cpp:59]: Entity referenced in equipment graphic database does not exist: "SOV_prototype_armor_2_entity", associated with SOV medium_tank_chassis
[00:42:02][no_game_date][equipment_graphic_database.cpp:36]: GFX referenced in equipment graphic database does not exist: "GFX_SOV_light_flame_tank_medium", associated with SOV light_tank_flame_chassis
[00:42:02][no_game_date][equipment_graphic_database.cpp:59]: Entity referenced in equipment graphic database does not exist: "SOV_light_flame_tank_entity", associated with SOV light_tank_flame_chassis
[00:42:02][no_game_date][equipment_graphic_database.cpp:36]: GFX referenced in equipment graphic database does not exist: "GFX_SOV_prototype_armor_3_medium", associated with SOV medium_tank_chassis_1944
[00:42:02][no_game_date][equipment_graphic_database.cpp:59]: Entity referenced in equipment graphic database does not exist: "SOV_prototype_armor_3_entity", associated with SOV medium_tank_chassis_1944
[00:42:02][no_game_date][equipment_graphic_database.cpp:36]: GFX referenced in equipment graphic database does not exist: "GFX_FRA_prototype_armor_0_medium", associated with FRA heavy_tank_chassis
[00:42:02][no_game_date][equipment_graphic_database.cpp:36]: GFX referenced in equipment graphic database does not exist: "GFX_FRA_prototype_armor_1_medium", associated with FRA heavy_tank_chassis
[00:42:02][no_game_date][equipment_graphic_database.cpp:36]: GFX referenced in equipment graphic database does not exist: "GFX_FRA_prototype_armor_4_medium", associated with FRA heavy_tank_chassis
[00:42:02][no_game_date][equipment_graphic_database.cpp:59]: Entity referenced in equipment graphic database does not exist: "FRA_prototype_armor_0_entity", associated with FRA heavy_tank_chassis
[00:42:02][no_game_date][equipment_graphic_database.cpp:59]: Entity referenced in equipment graphic database does not exist: "FRA_prototype_armor_1_entity", associated with FRA heavy_tank_chassis
[00:42:02][no_game_date][equipment_graphic_database.cpp:59]: Entity referenced in equipment graphic database does not exist: "FRA_prototype_armor_4_entity", associated with FRA heavy_tank_chassis
[00:42:02][no_game_date][equipment_graphic_database.cpp:36]: GFX referenced in equipment graphic database does not exist: "GFX_FRA_land_cruiser_armor_medium", associated with FRA land_cruiser_chassis_1945
[00:42:02][no_game_date][equipment_graphic_database.cpp:59]: Entity referenced in equipment graphic database does not exist: "FRA_land_cruiser_entity", associated with FRA land_cruiser_chassis_1945
[00:42:02][no_game_date][equipment_graphic_database.cpp:36]: GFX referenced in equipment graphic database does not exist: "GFX_FRA_prototype_armor_3_medium", associated with FRA light_tank_chassis
[00:42:02][no_game_date][equipment_graphic_database.cpp:59]: Entity referenced in equipment graphic database does not exist: "FRA_prototype_armor_3_entity", associated with FRA light_tank_chassis
[00:42:02][no_game_date][equipment_graphic_database.cpp:36]: GFX referenced in equipment graphic database does not exist: "GFX_FRA_prototype_armor_0_medium", associated with FRA super_heavy_tank_chassis
[00:42:02][no_game_date][equipment_graphic_database.cpp:59]: Entity referenced in equipment graphic database does not exist: "FRA_prototype_armor_0_entity", associated with FRA super_heavy_tank_chassis
[00:42:02][no_game_date][equipment_graphic_database.cpp:36]: GFX referenced in equipment graphic database does not exist: "GFX_FRA_heavy_flame_tank_medium", associated with FRA heavy_tank_flame_chassis
[00:42:02][no_game_date][equipment_graphic_database.cpp:59]: Entity referenced in equipment graphic database does not exist: "FRA_heavy_flame_tank_entity", associated with FRA heavy_tank_flame_chassis
[00:42:02][no_game_date][equipment_graphic_database.cpp:36]: GFX referenced in equipment graphic database does not exist: "GFX_FRA_prototype_armor_2_medium", associated with FRA medium_tank_chassis_1944
[00:42:02][no_game_date][equipment_graphic_database.cpp:59]: Entity referenced in equipment graphic database does not exist: "FRA_prototype_armor_2_entity", associated with FRA medium_tank_chassis_1944
[00:42:02][no_game_date][equipment_graphic_database.cpp:36]: GFX referenced in equipment graphic database does not exist: "GFX_FRA_prototype_armor_0_medium", associated with FRA medium_tank_chassis_1940
[00:42:02][no_game_date][equipment_graphic_database.cpp:59]: Entity referenced in equipment graphic database does not exist: "FRA_prototype_armor_0_entity", associated with FRA medium_tank_chassis_1940
[00:42:02][no_game_date][equipment_graphic_database.cpp:36]: GFX referenced in equipment graphic database does not exist: "GFX_HUN_land_cruiser_armor_medium", associated with HUN land_cruiser_chassis_1945
[00:42:02][no_game_date][equipment_graphic_database.cpp:59]: Entity referenced in equipment graphic database does not exist: "HUN_land_cruiser_entity", associated with HUN land_cruiser_chassis_1945
[00:42:02][no_game_date][equipment_graphic_database.cpp:36]: GFX referenced in equipment graphic database does not exist: "GFX_AUS_land_cruiser_armor_medium", associated with AUS land_cruiser_chassis_1945
[00:42:02][no_game_date][equipment_graphic_database.cpp:59]: Entity referenced in equipment graphic database does not exist: "AUS_land_cruiser_entity", associated with AUS land_cruiser_chassis_1945
[00:42:03][no_game_date][persistent.cpp:68]: Error: "cic_to_overlord_factor specified multiple time, last value will be used: 0.40, near line: 28" in file: "common/autonomous_states/wtt_imperial_protectorate.txt" near line: 28
[00:42:03][no_game_date][nationalfocus.cpp:631]: Error in focus: BUL_consolidate_dominance_of_the_seas (common/national_focus/bulgaria.txt:7654 )
relative_focus_id: BUL_join_the_tripartite_pact does not exist. Relative focus must be scripted before this.
[00:42:04][no_game_date][nationalfocus.cpp:599]: Error in focus: BUL_a_balkan_confederation (common/national_focus/bulgaria.txt:5354 )
Has mutual exclusivity with BUL_the_fate_of_the_balkans but the other focus does not.
[00:42:04][no_game_date][nationalfocus.cpp:599]: Error in focus: BUL_join_the_allies (common/national_focus/bulgaria.txt:5532 )
Has mutual exclusivity with BUL_the_fate_of_the_balkans but the other focus does not.
[00:42:04][no_game_date][nationalfocus.cpp:2406]: BUL_military_secrets_sharing: Couldn't find dependency BUL_alt_path_axis_join 
[00:42:05][no_game_date][equipment.cpp:2555]: TPMP_cat_eq_all_equipment is in script enum script_enum_equipment_bonus_type but is not an equipment type (cf. game/common/units/equipment) nor an equipment category (cf. script_enum_equipment_category)
[00:42:10][no_game_date][gameapplication.cpp:814]: The game has loc key collisions. Check logs/text.log for more details
[00:42:24][1936.01.01.12][virtualfilesystem.cpp:286]: Could not open file: history/units/UKR_1936.txt, error: not found
